Component: Arm Compiler for Embedded 6.18 Tool: armlink [5e4cc100]

==============================================================================

Section Cross References

    startup_stm32h723xx.o(STACK) refers (Special) to heapauxi.o(.text) for __use_two_region_memory
    startup_stm32h723xx.o(HEAP) refers (Special) to heapauxi.o(.text) for __use_two_region_memory
    startup_stm32h723xx.o(RESET) refers (Special) to heapauxi.o(.text) for __use_two_region_memory
    startup_stm32h723xx.o(RESET) refers to startup_stm32h723xx.o(STACK) for __initial_sp
    startup_stm32h723xx.o(RESET) refers to startup_stm32h723xx.o(.text) for Reset_Handler
    startup_stm32h723xx.o(RESET) refers to stm32h7xx_it.o(.text.NMI_Handler) for NMI_Handler
    startup_stm32h723xx.o(RESET) refers to stm32h7xx_it.o(.text.HardFault_Handler) for HardFault_Handler
    startup_stm32h723xx.o(RESET) refers to stm32h7xx_it.o(.text.MemManage_Handler) for MemManage_Handler
    startup_stm32h723xx.o(RESET) refers to stm32h7xx_it.o(.text.BusFault_Handler) for BusFault_Handler
    startup_stm32h723xx.o(RESET) refers to stm32h7xx_it.o(.text.UsageFault_Handler) for UsageFault_Handler
    startup_stm32h723xx.o(RESET) refers to port.o(.text.SVC_Handler) for SVC_Handler
    startup_stm32h723xx.o(RESET) refers to stm32h7xx_it.o(.text.DebugMon_Handler) for DebugMon_Handler
    startup_stm32h723xx.o(RESET) refers to port.o(.text.PendSV_Handler) for PendSV_Handler
    startup_stm32h723xx.o(RESET) refers to cmsis_os2.o(.text.SysTick_Handler) for SysTick_Handler
    startup_stm32h723xx.o(RESET) refers to stm32h7xx_it.o(.text.FDCAN2_IT0_IRQHandler) for FDCAN2_IT0_IRQHandler
    startup_stm32h723xx.o(RESET) refers to stm32h7xx_it.o(.text.FDCAN2_IT1_IRQHandler) for FDCAN2_IT1_IRQHandler
    startup_stm32h723xx.o(RESET) refers to stm32h7xx_it.o(.text.TIM1_UP_IRQHandler) for TIM1_UP_IRQHandler
    startup_stm32h723xx.o(.text) refers (Special) to heapauxi.o(.text) for __use_two_region_memory
    startup_stm32h723xx.o(.text) refers to system_stm32h7xx.o(.text.ExitRun0Mode) for ExitRun0Mode
    startup_stm32h723xx.o(.text) refers to system_stm32h7xx.o(.text.SystemInit) for SystemInit
    startup_stm32h723xx.o(.text) refers to __main.o(!!!main) for __main
    startup_stm32h723xx.o(.text) refers to startup_stm32h723xx.o(HEAP) for Heap_Mem
    startup_stm32h723xx.o(.text) refers to startup_stm32h723xx.o(STACK) for Stack_Mem
    main.o(.text.main) refers to stm32h7xx_hal_cortex.o(.text.HAL_MPU_Disable) for HAL_MPU_Disable
    main.o(.text.main) refers to stm32h7xx_hal_cortex.o(.text.HAL_MPU_ConfigRegion) for HAL_MPU_ConfigRegion
    main.o(.text.main) refers to stm32h7xx_hal_cortex.o(.text.HAL_MPU_Enable) for HAL_MPU_Enable
    main.o(.text.main) refers to stm32h7xx_hal.o(.text.HAL_Init) for HAL_Init
    main.o(.text.main) refers to motor.o(.text.DJmotor_Init) for DJmotor_Init
    main.o(.text.main) refers to main.o(.text.SystemClock_Config) for SystemClock_Config
    main.o(.text.main) refers to gpio.o(.text.MX_GPIO_Init) for MX_GPIO_Init
    main.o(.text.main) refers to fdcan.o(.text.MX_FDCAN2_Init) for MX_FDCAN2_Init
    main.o(.text.main) refers to cmsis_os2.o(.text.osKernelInitialize) for osKernelInitialize
    main.o(.text.main) refers to freertos.o(.text.MX_FREERTOS_Init) for MX_FREERTOS_Init
    main.o(.text.main) refers to fdcan_irq_handler.o(.text.fdCan_Start) for fdCan_Start
    main.o(.text.main) refers to cmsis_os2.o(.text.osKernelStart) for osKernelStart
    main.o(.ARM.exidx.text.main) refers to main.o(.text.main) for [Anonymous Symbol]
    main.o(.text.SystemClock_Config) refers to rt_memclr_w.o(.text) for __aeabi_memclr4
    main.o(.text.SystemClock_Config) refers to stm32h7xx_hal_pwr_ex.o(.text.HAL_PWREx_ConfigSupply) for HAL_PWREx_ConfigSupply
    main.o(.text.SystemClock_Config) refers to stm32h7xx_hal_rcc.o(.text.HAL_RCC_OscConfig) for HAL_RCC_OscConfig
    main.o(.text.SystemClock_Config) refers to stm32h7xx_hal_rcc.o(.text.HAL_RCC_ClockConfig) for HAL_RCC_ClockConfig
    main.o(.ARM.exidx.text.SystemClock_Config) refers to main.o(.text.SystemClock_Config) for [Anonymous Symbol]
    main.o(.ARM.exidx.text.Error_Handler) refers to main.o(.text.Error_Handler) for [Anonymous Symbol]
    main.o(.text.HAL_TIM_PeriodElapsedCallback) refers to stm32h7xx_hal.o(.text.HAL_IncTick) for HAL_IncTick
    main.o(.ARM.exidx.text.HAL_TIM_PeriodElapsedCallback) refers to main.o(.text.HAL_TIM_PeriodElapsedCallback) for [Anonymous Symbol]
    gpio.o(.ARM.exidx.text.MX_GPIO_Init) refers to gpio.o(.text.MX_GPIO_Init) for [Anonymous Symbol]
    freertos.o(.text.MX_FREERTOS_Init) refers to freertos.o(.text.StartDefaultTask) for StartDefaultTask
    freertos.o(.text.MX_FREERTOS_Init) refers to freertos.o(.rodata.defaultTask_attributes) for defaultTask_attributes
    freertos.o(.text.MX_FREERTOS_Init) refers to cmsis_os2.o(.text.osThreadNew) for osThreadNew
    freertos.o(.text.MX_FREERTOS_Init) refers to freertos.o(.bss.defaultTaskHandle) for defaultTaskHandle
[...]
    [Anonymous Symbol]                       0x24004d20   Section        0  cmsis_os2.o(.bss.vApplicationGetTimerTaskMemory.Timer_TCB)
    xActiveTimerList1                        0x24004d7c   Data          20  timers.o(.bss.xActiveTimerList1)
    [Anonymous Symbol]                       0x24004d7c   Section        0  timers.o(.bss.xActiveTimerList1)
    xActiveTimerList2                        0x24004d90   Data          20  timers.o(.bss.xActiveTimerList2)
    [Anonymous Symbol]                       0x24004d90   Section        0  timers.o(.bss.xActiveTimerList2)
    xDelayedTaskList1                        0x24004da4   Data          20  tasks.o(.bss.xDelayedTaskList1)
    [Anonymous Symbol]                       0x24004da4   Section        0  tasks.o(.bss.xDelayedTaskList1)
    xDelayedTaskList2                        0x24004db8   Data          20  tasks.o(.bss.xDelayedTaskList2)
    [Anonymous Symbol]                       0x24004db8   Section        0  tasks.o(.bss.xDelayedTaskList2)
    xFreeBytesRemaining                      0x24004dcc   Data           4  heap_4.o(.bss.xFreeBytesRemaining)
    [Anonymous Symbol]                       0x24004dcc   Section        0  heap_4.o(.bss.xFreeBytesRemaining)
    xIdleTaskHandle                          0x24004dd0   Data           4  tasks.o(.bss.xIdleTaskHandle)
    [Anonymous Symbol]                       0x24004dd0   Section        0  tasks.o(.bss.xIdleTaskHandle)
    xMinimumEverFreeBytesRemaining           0x24004dd4   Data           4  heap_4.o(.bss.xMinimumEverFreeBytesRemaining)
    [Anonymous Symbol]                       0x24004dd4   Section        0  heap_4.o(.bss.xMinimumEverFreeBytesRemaining)
    xNextTaskUnblockTime                     0x24004dd8   Data           4  tasks.o(.bss.xNextTaskUnblockTime)
    [Anonymous Symbol]                       0x24004dd8   Section        0  tasks.o(.bss.xNextTaskUnblockTime)
    xNumOfOverflows                          0x24004ddc   Data           4  tasks.o(.bss.xNumOfOverflows)
    [Anonymous Symbol]                       0x24004ddc   Section        0  tasks.o(.bss.xNumOfOverflows)
    xNumberOfSuccessfulAllocations           0x24004de0   Data           4  heap_4.o(.bss.xNumberOfSuccessfulAllocations)
    [Anonymous Symbol]                       0x24004de0   Section        0  heap_4.o(.bss.xNumberOfSuccessfulAllocations)
    xNumberOfSuccessfulFrees                 0x24004de4   Data           4  heap_4.o(.bss.xNumberOfSuccessfulFrees)
    [Anonymous Symbol]                       0x24004de4   Section        0  heap_4.o(.bss.xNumberOfSuccessfulFrees)
    xPendedTicks                             0x24004de8   Data           4  tasks.o(.bss.xPendedTicks)
    [Anonymous Symbol]                       0x24004de8   Section        0  tasks.o(.bss.xPendedTicks)
    xPendingReadyList                        0x24004dec   Data          20  tasks.o(.bss.xPendingReadyList)
    [Anonymous Symbol]                       0x24004dec   Section        0  tasks.o(.bss.xPendingReadyList)
    xSchedulerRunning                        0x24004e40   Data           4  tasks.o(.bss.xSchedulerRunning)
    [Anonymous Symbol]                       0x24004e40   Section        0  tasks.o(.bss.xSchedulerRunning)
    xStart                                   0x24004e44   Data           8  heap_4.o(.bss.xStart)
    [Anonymous Symbol]                       0x24004e44   Section        0  heap_4.o(.bss.xStart)
    xSuspendedTaskList                       0x24004e4c   Data          20  tasks.o(.bss.xSuspendedTaskList)
    [Anonymous Symbol]                       0x24004e4c   Section        0  tasks.o(.bss.xSuspendedTaskList)
    xTasksWaitingTermination                 0x24004e60   Data          20  tasks.o(.bss.xTasksWaitingTermination)
    [Anonymous Symbol]                       0x24004e60   Section        0  tasks.o(.bss.xTasksWaitingTermination)
    xTickCount                               0x24004e74   Data           4  tasks.o(.bss.xTickCount)
    [Anonymous Symbol]                       0x24004e74   Section        0  tasks.o(.bss.xTickCount)
    xTimerQueue                              0x24004e78   Data           4  timers.o(.bss.xTimerQueue)
    [Anonymous Symbol]                       0x24004e78   Section        0  timers.o(.bss.xTimerQueue)
    xTimerTaskHandle                         0x24004e7c   Data           4  timers.o(.bss.xTimerTaskHandle)
    [Anonymous Symbol]                       0x24004e7c   Section        0  timers.o(.bss.xTimerTaskHandle)
    xYieldPending                            0x24004e80   Data           4  tasks.o(.bss.xYieldPending)
    [Anonymous Symbol]                       0x24004e80   Section        0  tasks.o(.bss.xYieldPending)
    Heap_Mem                                 0x24004e88   Data         512  startup_stm32h723xx.o(HEAP)
    HEAP                                     0x24004e88   Section      512  startup_stm32h723xx.o(HEAP)
    Stack_Mem                                0x24005088   Data        1024  startup_stm32h723xx.o(STACK)
    STACK                                    0x24005088   Section     1024  startup_stm32h723xx.o(STACK)
    __initial_sp                             0x24005488   Data           0  startup_stm32h723xx.o(STACK)

    Global Symbols

    Symbol Name                              Value     Ov Type        Size  Object(Section)

    BuildAttributes$$THM_ISAv4$E$P$D$K$B$S$7EM$VFPv5_D16$PE$PLD8$A:L22UL41UL21$X:L11$S22US41US21$IEEE1$IW$~IW$USESV6$~STKCKD$USESV7$~SHL$OTIME$ROPI$EBA8$UX$STANDARDLIB$REQ8$PRES8$EABIv2 0x00000000   Number         0  anon$$obj.o ABSOLUTE
    __ARM_exceptions_init                     - Undefined Weak Reference
    __alloca_initialize                       - Undefined Weak Reference
    __arm_preinit_                            - Undefined Weak Reference
    __arm_relocate_pie_                       - Undefined Weak Reference
    __cpp_initialize__aeabi_                  - Undefined Weak Reference
    __cxa_finalize                            - Undefined Weak Reference
    __rt_locale                               - Undefined Weak Reference
    __sigvec_lookup                           - Undefined Weak Reference
    _atexit_init                              - Undefined Weak Reference
    _call_atexit_fns                          - Undefined Weak Reference
    _clock_init                               - Undefined Weak Reference
    _fp_trap_init                             - Undefined Weak Reference
    _fp_trap_shutdown                         - Undefined Weak Reference
    _get_lc_collate                           - Undefined Weak Reference
    _get_lc_ctype                             - Undefined Weak Reference
    _get_lc_monetary                          - Undefined Weak Reference
    _get_lc_numeric                           - Undefined Weak Reference
    _get_lc_time                              - Undefined Weak Reference
    _getenv_init                              - Undefined Weak Reference
    _handle_redirection                       - Undefined Weak Reference
    _init_alloc                               - Undefined Weak Reference
    _init_user_alloc                          - Undefined Weak Reference
    _initio                                   - Undefined Weak Reference
    _rand_init                                - Undefined Weak Reference
    _signal_finish                            - Undefined Weak Reference
    _signal_init                              - Undefined Weak Reference
    _terminate_alloc                          - Undefined Weak Reference
    _terminate_user_alloc                     - Undefined Weak Reference
    _terminateio                              - Undefined Weak Reference
    __Vectors_Size                           0x000002cc   Number         0  startup_stm32h723xx.o ABSOLUTE
    __Vectors                                0x08000000   Data           4  startup_stm32h723xx.o(RESET)
    __Vectors_End                            0x080002cc   Data           0  startup_stm32h723xx.o(RESET)
    __main                                   0x080002cd   Thumb Code     8  __main.o(!!!main)
    __scatterload                            0x080002d5   Thumb Code     0  __scatter.o(!!!scatter)
    __scatterload_rt2                        0x080002d5   Thumb Code    44  __scatter.o(!!!scatter)
    __scatterload_rt2_thumb_only             0x080002d5   Thumb Code     0  __scatter.o(!!!scatter)
    __scatterload_null                       0x080002e3   Thumb Code     0  __scatter.o(!!!scatter)
    __scatterload_copy                       0x08000309   Thumb Code    26  __scatter_copy.o(!!handler_copy)
    __scatterload_zeroinit                   0x08000325   Thumb Code    28  __scatter_zi.o(!!handler_zi)
    __rt_lib_init                            0x08000341   Thumb Code     0  libinit.o(.ARM.Collect$$libinit$$00000000)
    __rt_lib_init_fp_1                       0x08000343   Thumb Code     0  libinit2.o(.ARM.Collect$$libinit$$00000001)
    __rt_lib_init_alloca_1                   0x08000347   Thumb Code     0  libinit2.o(.ARM.Collect$$libinit$$00000030)
    __rt_lib_init_argv_1                     0x08000347   Thumb Code     0  libinit2.o(.ARM.Collect$$libinit$$0000002E)
    __rt_lib_init_atexit_1                   0x08000347   Thumb Code     0  libinit2.o(.ARM.Collect$$libinit$$0000001D)
    __rt_lib_init_clock_1                    0x08000347   Thumb Code     0  libinit2.o(.ARM.Collect$$libinit$$00000023)
    __rt_lib_init_cpp_1                      0x08000347   Thumb Code     0  libinit2.o(.ARM.Collect$$libinit$$00000034)
    __rt_lib_init_exceptions_1               0x08000347   Thumb Code     0  libinit2.o(.ARM.Collect$$libinit$$00000032)
    __rt_lib_init_fp_trap_1                  0x08000347   Thumb Code     0  libinit2.o(.ARM.Collect$$libinit$$00000021)
    __rt_lib_init_getenv_1                   0x08000347   Thumb Code     0  libinit2.o(.ARM.Collect$$libinit$$00000025)
    __rt_lib_init_heap_1                     0x08000347   Thumb Code     0  libinit2.o(.ARM.Collect$$libinit$$0000000C)
    __rt_lib_init_lc_collate_1               0x08000347   Thumb Code     0  libinit2.o(.ARM.Collect$$libinit$$00000013)
    __rt_lib_init_lc_ctype_1                 0x08000347   Thumb Code     0  libinit2.o(.ARM.Collect$$libinit$$00000015)
    __rt_lib_init_lc_monetary_1              0x08000347   Thumb Code     0  libinit2.o(.ARM.Collect$$libinit$$00000017)
    __rt_lib_init_lc_numeric_1               0x08000347   Thumb Code     0  libinit2.o(.ARM.Collect$$libinit$$00000019)
    __rt_lib_init_lc_time_1                  0x08000347   Thumb Code     0  libinit2.o(.ARM.Collect$$libinit$$0000001B)
    __rt_lib_init_preinit_1                  0x08000347   Thumb Code     0  libinit2.o(.ARM.Collect$$libinit$$00000006)
    __rt_lib_init_rand_1                     0x08000347   Thumb Code     0  libinit2.o(.ARM.Collect$$libinit$$00000010)
    __rt_lib_init_relocate_pie_1             0x08000347   Thumb Code     0  libinit2.o(.ARM.Collect$$libinit$$00000004)
    __rt_lib_init_return                     0x08000347   Thumb Code     0  libinit2.o(.ARM.Collect$$libinit$$00000035)
    __rt_lib_init_signal_1                   0x08000347   Thumb Code     0  libinit2.o(.ARM.Collect$$libinit$$0000001F)
    __rt_lib_init_stdio_1                    0x08000347   Thumb Code     0  libinit2.o(.ARM.Collect$$libinit$$00000027)
    __rt_lib_init_user_alloc_1               0x08000347   Thumb Code     0  libinit2.o(.ARM.Collect$$libinit$$0000000E)
    __rt_lib_shutdown                        0x08000349   Thumb Code     0  libshutdown.o(.ARM.Collect$$libshutdown$$00000000)
    __rt_lib_shutdown_cpp_1                  0x0800034b   Thumb Code     0  libshutdown2.o(.ARM.Collect$$libshutdown$$00000002)
    __rt_lib_shutdown_fp_trap_1              0x0800034b   Thumb Code     0  libshutdown2.o(.ARM.Collect$$libshutdown$$00000007)
    __rt_lib_shutdown_heap_1                 0x0800034b   Thumb Code     0  libshutdown2.o(.ARM.Collect$$libshutdown$$0000000F)
    __rt_lib_shutdown_return                 0x0800034b   Thumb Code     0  libshutdown2.o(.ARM.Collect$$libshutdown$$00000010)
    __rt_lib_shutdown_signal_1               0x0800034b   Thumb Code     0  libshutdown2.o(.ARM.Collect$$libshutdown$$0000000A)
    __rt_lib_shutdown_stdio_1                0x0800034b   Thumb Code     0  libshutdown2.o(.ARM.Collect$$libshutdown$$00000004)
    __rt_lib_shutdown_user_alloc_1           0x0800034b   Thumb Code     0  libshutdown2.o(.ARM.Collect$$libshutdown$$0000000C)
    __rt_entry                               0x0800034d   Thumb Code     0  __rtentry.o(.ARM.Collect$$rtentry$$00000000)
    __rt_entry_presh_1                       0x0800034d   Thumb Code     0  __rtentry2.o(.ARM.Collect$$rtentry$$00000002)
    __rt_entry_sh                            0x0800034d   Thumb Code     0  __rtentry4.o(.ARM.Collect$$rtentry$$00000004)
    __rt_entry_li                            0x08000353   Thumb Code     0  __rtentry2.o(.ARM.Collect$$rtentry$$0000000A)
    __rt_entry_postsh_1                      0x08000353   Thumb Code     0  __rtentry2.o(.ARM.Collect$$rtentry$$00000009)
    __rt_entry_main                          0x08000357   Thumb Code     0  __rtentry2.o(.ARM.Collect$$rtentry$$0000000D)
    __rt_entry_postli_1                      0x08000357   Thumb Code     0  __rtentry2.o(.ARM.Collect$$rtentry$$0000000C)
    __rt_exit                                0x0800035f   Thumb Code     0  rtexit.o(.ARM.Collect$$rtexit$$00000000)
    __rt_exit_ls                             0x08000361   Thumb Code     0  rtexit2.o(.ARM.Collect$$rtexit$$00000003)
    __rt_exit_prels_1                        0x08000361   Thumb Code     0  rtexit2.o(.ARM.Collect$$rtexit$$00000002)
    __rt_exit_exit                           0x08000365   Thumb Code     0  rtexit2.o(.ARM.Collect$$rtexit$$00000004)
    Reset_Handler                            0x0800036d   Thumb Code    12  startup_stm32h723xx.o(.text)
    ADC3_IRQHandler                          0x0800038b   Thumb Code     0  startup_stm32h723xx.o(.text)
    ADC_IRQHandler                           0x0800038b   Thumb Code     0  startup_stm32h723xx.o(.text)
    BDMA_Channel0_IRQHandler                 0x0800038b   Thumb Code     0  startup_stm32h723xx.o(.text)
    BDMA_Channel1_IRQHandler                 0x0800038b   Thumb Code     0  startup_stm32h723xx.o(.text)
    BDMA_Channel2_IRQHandler                 0x0800038b   Thumb Code     0  startup_stm32h723xx.o(.text)
    BDMA_Channel3_IRQHandler                 0x0800038b   Thumb Code     0  startup_stm32h723xx.o(.text)
    BDMA_Channel4_IRQHandler                 0x0800038b   Thumb Code     0  startup_stm32h723xx.o(.text)
    BDMA_Channel5_IRQHandler                 0x0800038b   Thumb Code     0  startup_stm32h723xx.o(.text)
    BDMA_Channel6_IRQHandler                 0x0800038b   Thumb Code     0  startup_stm32h723xx.o(.text)
    BDMA_Channel7_IRQHandler                 0x0800038b   Thumb Code     0  startup_stm32h723xx.o(.text)
    CEC_IRQHandler                           0x0800038b   Thumb Code     0  startup_stm32h723xx.o(.text)
    COMP1_IRQHandler                         0x0800038b   Thumb Code     0  startup_stm32h723xx.o(.text)
    CORDIC_IRQHandler                        0x0800038b   Thumb Code     0  startup_stm32h723xx.o(.text)
    CRS_IRQHandler                           0x0800038b   Thumb Code     0  startup_stm32h723xx.o(.text)
    DCMI_PSSI_IRQHandler                     0x0800038b   Thumb Code     0  startup_stm32h723xx.o(.text)
    DFSDM1_FLT0_IRQHandler                   0x0800038b   Thumb Code     0  startup_stm32h723xx.o(.text)
    DFSDM1_FLT1_IRQHandler                   0x0800038b   Thumb Code     0  startup_stm32h723xx.o(.text)
    DFSDM1_FLT2_IRQHandler                   0x0800038b   Thumb Code     0  startup_stm32h723xx.o(.text)
    DFSDM1_FLT3_IRQHandler                   0x0800038b   Thumb Code     0  startup_stm32h723xx.o(.text)
    DMA1_Stream0_IRQHandler                  0x0800038b   Thumb Code     0  startup_stm32h723xx.o(.text)
    DMA1_Stream1_IRQHandler                  0x0800038b   Thumb Code     0  startup_stm32h723xx.o(.text)
    DMA1_Stream2_IRQHandler                  0x0800038b   Thumb Code     0  startup_stm32h723xx.o(.text)
    DMA1_Stream3_IRQHandler                  0x0800038b   Thumb Code     0  startup_stm32h723xx.o(.text)
    DMA1_Stream4_IRQHandler                  0x0800038b   Thumb Code     0  startup_stm32h723xx.o(.text)
    DMA1_Stream5_IRQHandler                  0x0800038b   Thumb Code     0  startup_stm32h723xx.o(.text)
    DMA1_Stream6_IRQHandler                  0x0800038b   Thumb Code     0  startup_stm32h723xx.o(.text)
    DMA1_Stream7_IRQHandler                  0x0800038b   Thumb Code     0  startup_stm32h723xx.o(.text)
    DMA2D_IRQHandler                         0x0800038b   Thumb Code     0  startup_stm32h723xx.o(.text)
    DMA2_Stream0_IRQHandler                  0x0800038b   Thumb Code     0  startup_stm32h723xx.o(.text)
    DMA2_Stream1_IRQHandler                  0x0800038b   Thumb Code     0  startup_stm32h723xx.o(.text)
    DMA2_Stream2_IRQHandler                  0x0800038b   Thumb Code     0  startup_stm32h723xx.o(.text)
    DMA2_Stream3_IRQHandler                  0x0800038b   Thumb Code     0  startup_stm32h723xx.o(.text)
    DMA2_Stream4_IRQHandler                  0x0800038b   Thumb Code     0  startup_stm32h723xx.o(.text)
    DMA2_Stream5_IRQHandler                  0x0800038b   Thumb Code     0  startup_stm32h723xx.o(.text)
    DMA2_Stream6_IRQHandler                  0x0800038b   Thumb Code     0  startup_stm32h723xx.o(.text)
    DMA2_Stream7_IRQHandler                  0x0800038b   Thumb Code     0  startup_stm32h723xx.o(.text)
    DMAMUX1_OVR_IRQHandler                   0x0800038b   Thumb Code     0  startup_stm32h723xx.o(.text)
    DMAMUX2_OVR_IRQHandler                   0x0800038b   Thumb Code     0  startup_stm32h723xx.o(.text)
    DTS_IRQHandler                           0x0800038b   Thumb Code     0  startup_stm32h723xx.o(.text)
    ECC_IRQHandler                           0x0800038b   Thumb Code     0  startup_stm32h723xx.o(.text)
    ETH_IRQHandler                           0x0800038b   Thumb Code     0  startup_stm32h723xx.o(.text)
    ETH_WKUP_IRQHandler                      0x0800038b   Thumb Code     0  startup_stm32h723xx.o(.text)
    EXTI0_IRQHandler                         0x0800038b   Thumb Code     0  startup_stm32h723xx.o(.text)
    EXTI15_10_IRQHandler                     0x0800038b   Thumb Code     0  startup_stm32h723xx.o(.text)
    EXTI1_IRQHandler                         0x0800038b   Thumb Code     0  startup_stm32h723xx.o(.text)
    EXTI2_IRQHandler                         0x0800038b   Thumb Code     0  startup_stm32h723xx.o(.text)
    EXTI3_IRQHandler                         0x0800038b   Thumb Code     0  startup_stm32h723xx.o(.text)
    EXTI4_IRQHandler                         0x0800038b   Thumb Code     0  startup_stm32h723xx.o(.text)
    EXTI9_5_IRQHandler                       0x0800038b   Thumb Code     0  startup_stm32h723xx.o(.text)
    FDCAN1_IT0_IRQHandler                    0x0800038b   Thumb Code     0  startup_stm32h723xx.o(.text)
    FDCAN1_IT1_IRQHandler                    0x0800038b   Thumb Code     0  startup_stm32h723xx.o(.text)
    FDCAN3_IT0_IRQHandler                    0x0800038b   Thumb Code     0  startup_stm32h723xx.o(.text)
    FDCAN3_IT1_IRQHandler                    0x0800038b   Thumb Code     0  startup_stm32h723xx.o(.text)
    FDCAN_CAL_IRQHandler                     0x0800038b   Thumb Code     0  startup_stm32h723xx.o(.text)
    FLASH_IRQHandler                         0x0800038b   Thumb Code     0  startup_stm32h723xx.o(.text)
    FMAC_IRQHandler                          0x0800038b   Thumb Code     0  startup_stm32h723xx.o(.text)
    FMC_IRQHandler                           0x0800038b   Thumb Code     0  startup_stm32h723xx.o(.text)
    FPU_IRQHandler                           0x0800038b   Thumb Code     0  startup_stm32h723xx.o(.text)
    HSEM1_IRQHandler                         0x0800038b   Thumb Code     0  startup_stm32h723xx.o(.text)
    I2C1_ER_IRQHandler                       0x0800038b   Thumb Code     0  startup_stm32h723xx.o(.text)
    I2C1_EV_IRQHandler                       0x0800038b   Thumb Code     0  startup_stm32h723xx.o(.text)
    I2C2_ER_IRQHandler                       0x0800038b   Thumb Code     0  startup_stm32h723xx.o(.text)
    I2C2_EV_IRQHandler                       0x0800038b   Thumb Code     0  startup_stm32h723xx.o(.text)
    I2C3_ER_IRQHandler                       0x0800038b   Thumb Code     0  startup_stm32h723xx.o(.text)
    I2C3_EV_IRQHandler                       0x0800038b   Thumb Code     0  startup_stm32h723xx.o(.text)
    I2C4_ER_IRQHandler                       0x0800038b   Thumb Code     0  startup_stm32h723xx.o(.text)
    I2C4_EV_IRQHandler                       0x0800038b   Thumb Code     0  startup_stm32h723xx.o(.text)
    I2C5_ER_IRQHandler                       0x0800038b   Thumb Code     0  startup_stm32h723xx.o(.text)
    I2C5_EV_IRQHandler                       0x0800038b   Thumb Code     0  startup_stm32h723xx.o(.text)
    LPTIM1_IRQHandler                        0x0800038b   Thumb Code     0  startup_stm32h723xx.o(.text)
    LPTIM2_IRQHandler                        0x0800038b   Thumb Code     0  startup_stm32h723xx.o(.text)
    LPTIM3_IRQHandler                        0x0800038b   Thumb Code     0  startup_stm32h723xx.o(.text)
    LPTIM4_IRQHandler                        0x0800038b   Thumb Code     0  startup_stm32h723xx.o(.text)
    LPTIM5_IRQHandler                        0x0800038b   Thumb Code     0  startup_stm32h723xx.o(.text)
    LPUART1_IRQHandler                       0x0800038b   Thumb Code     0  startup_stm32h723xx.o(.text)
    LTDC_ER_IRQHandler                       0x0800038b   Thumb Code     0  startup_stm32h723xx.o(.text)
    LTDC_IRQHandler                          0x0800038b   Thumb Code     0  startup_stm32h723xx.o(.text)
    MDIOS_IRQHandler                         0x0800038b   Thumb Code     0  startup_stm32h723xx.o(.text)
    MDIOS_WKUP_IRQHandler                    0x0800038b   Thumb Code     0  startup_stm32h723xx.o(.text)
    MDMA_IRQHandler                          0x0800038b   Thumb Code     0  startup_stm32h723xx.o(.text)
    OCTOSPI1_IRQHandler                      0x0800038b   Thumb Code     0  startup_stm32h723xx.o(.text)
    OCTOSPI2_IRQHandler                      0x0800038b   Thumb Code     0  startup_stm32h723xx.o(.text)
    OTG_HS_EP1_IN_IRQHandler                 0x0800038b   Thumb Code     0  startup_stm32h723xx.o(.text)
    OTG_HS_EP1_OUT_IRQHandler                0x0800038b   Thumb Code     0  startup_stm32h723xx.o(.text)
    OTG_HS_IRQHandler                        0x0800038b   Thumb Code     0  startup_stm32h723xx.o(.text)
    OTG_HS_WKUP_IRQHandler                   0x0800038b   Thumb Code     0  startup_stm32h723xx.o(.text)
    PVD_AVD_IRQHandler                       0x0800038b   Thumb Code     0  startup_stm32h723xx.o(.text)
    RCC_IRQHandler                           0x0800038b   Thumb Code     0  startup_stm32h723xx.o(.text)
    RNG_IRQHandler                           0x0800038b   Thumb Code     0  startup_stm32h723xx.o(.text)
    RTC_Alarm_IRQHandler                     0x0800038b   Thumb Code     0  startup_stm32h723xx.o(.text)
    RTC_WKUP_IRQHandler                      0x0800038b   Thumb Code     0  startup_stm32h723xx.o(.text)
    SAI1_IRQHandler                          0x0800038b   Thumb Code     0  startup_stm32h723xx.o(.text)
    SAI4_IRQHandler                          0x0800038b   Thumb Code     0  startup_stm32h723xx.o(.text)
    SDMMC1_IRQHandler                        0x0800038b   Thumb Code     0  startup_stm32h723xx.o(.text)
    SDMMC2_IRQHandler                        0x0800038b   Thumb Code     0  startup_stm32h723xx.o(.text)
    SPDIF_RX_IRQHandler                      0x0800038b   Thumb Code     0  startup_stm32h723xx.o(.text)
    SPI1_IRQHandler                          0x0800038b   Thumb Code     0  startup_stm32h723xx.o(.text)
    SPI2_IRQHandler                          0x0800038b   Thumb Code     0  startup_stm32h723xx.o(.text)
    SPI3_IRQHandler                          0x0800038b   Thumb Code     0  startup_stm32h723xx.o(.text)
    SPI4_IRQHandler                          0x0800038b   Thumb Code     0  startup_stm32h723xx.o(.text)
    SPI5_IRQHandler                          0x0800038b   Thumb Code     0  startup_stm32h723xx.o(.text)
    SPI6_IRQHandler                          0x0800038b   Thumb Code     0  startup_stm32h723xx.o(.text)
    SWPMI1_IRQHandler                        0x0800038b   Thumb Code     0  startup_stm32h723xx.o(.text)
    TAMP_STAMP_IRQHandler                    0x0800038b   Thumb Code     0  startup_stm32h723xx.o(.text)
    TIM15_IRQHandler                         0x0800038b   Thumb Code     0  startup_stm32h723xx.o(.text)
    TIM16_IRQHandler                         0x0800038b   Thumb Code     0  startup_stm32h723xx.o(.text)
    TIM17_IRQHandler                         0x0800038b   Thumb Code     0  startup_stm32h723xx.o(.text)
    TIM1_BRK_IRQHandler                      0x0800038b   Thumb Code     0  startup_stm32h723xx.o(.text)
    TIM1_CC_IRQHandler                       0x0800038b   Thumb Code     0  startup_stm32h723xx.o(.text)
    TIM1_TRG_COM_IRQHandler                  0x0800038b   Thumb Code     0  startup_stm32h723xx.o(.text)
    TIM23_IRQHandler                         0x0800038b   Thumb Code     0  startup_stm32h723xx.o(.text)
    TIM24_IRQHandler                         0x0800038b   Thumb Code     0  startup_stm32h723xx.o(.text)
    TIM2_IRQHandler                          0x0800038b   Thumb Code     0  startup_stm32h723xx.o(.text)
    TIM3_IRQHandler                          0x0800038b   Thumb Code     0  startup_stm32h723xx.o(.text)
    TIM4_IRQHandler                          0x0800038b   Thumb Code     0  startup_stm32h723xx.o(.text)
    TIM5_IRQHandler                          0x0800038b   Thumb Code     0  startup_stm32h723xx.o(.text)
    TIM6_DAC_IRQHandler                      0x0800038b   Thumb Code     0  startup_stm32h723xx.o(.text)
    TIM7_IRQHandler                          0x0800038b   Thumb Code     0  startup_stm32h723xx.o(.text)
    TIM8_BRK_TIM12_IRQHandler                0x0800038b   Thumb Code     0  startup_stm32h723xx.o(.text)
    TIM8_CC_IRQHandler                       0x0800038b   Thumb Code     0  startup_stm32h723xx.o(.text)
    TIM8_TRG_COM_TIM14_IRQHandler            0x0800038b   Thumb Code     0  startup_stm32h723xx.o(.text)
    TIM8_UP_TIM13_IRQHandler                 0x0800038b   Thumb Code     0  startup_stm32h723xx.o(.text)
    UART4_IRQHandler                         0x0800038b   Thumb Code     0  startup_stm32h723xx.o(.text)
    UART5_IRQHandler                         0x0800038b   Thumb Code     0  startup_stm32h723xx.o(.text)
    UART7_IRQHandler                         0x0800038b   Thumb Code     0  startup_stm32h723xx.o(.text)
    UART8_IRQHandler                         0x0800038b   Thumb Code     0  startup_stm32h723xx.o(.text)
    UART9_IRQHandler                         0x0800038b   Thumb Code     0  startup_stm32h723xx.o(.text)
    USART10_IRQHandler                       0x0800038b   Thumb Code     0  startup_stm32h723xx.o(.text)
    USART1_IRQHandler                        0x0800038b   Thumb Code     0  startup_stm32h723xx.o(.text)
    USART2_IRQHandler                        0x0800038b   Thumb Code     0  startup_stm32h723xx.o(.text)
    USART3_IRQHandler                        0x0800038b   Thumb Code     0  startup_stm32h723xx.o(.text)
    USART6_IRQHandler                        0x0800038b   Thumb Code     0  startup_stm32h723xx.o(.text)
    WAKEUP_PIN_IRQHandler                    0x0800038b   Thumb Code     0  startup_stm32h723xx.o(.text)
    WWDG_IRQHandler                          0x0800038b   Thumb Code     0  startup_stm32h723xx.o(.text)
    __user_initial_stackheap                 0x0800038d   Thumb Code     0  startup_stm32h723xx.o(.text)
    __aeabi_memcpy                           0x080003b5   Thumb Code     0  rt_memcpy_v6.o(.text)
    __rt_memcpy                              0x080003b5   Thumb Code   138  rt_memcpy_v6.o(.text)
    _memcpy_lastbytes                        0x0800041b   Thumb Code     0  rt_memcpy_v6.o(.text)
    __aeabi_memset4                          0x0800043f   Thumb Code    16  aeabi_memset4.o(.text)
    __aeabi_memset8                          0x0800043f   Thumb Code     0  aeabi_memset4.o(.text)
    __aeabi_memclr                           0x0800044f   Thumb Code     0  rt_memclr.o(.text)
    __rt_memclr                              0x0800044f   Thumb Code     0  rt_memclr.o(.text)
    _memset                                  0x08000453   Thumb Code    64  rt_memclr.o(.text)
    __aeabi_memclr4                          0x08000493   Thumb Code     0  rt_memclr_w.o(.text)
    __aeabi_memclr8                          0x08000493   Thumb Code     0  rt_memclr_w.o(.text)
    __rt_memclr_w                            0x08000493   Thumb Code     0  rt_memclr_w.o(.text)
    _memset_w                                0x08000497   Thumb Code    74  rt_memclr_w.o(.text)
    __use_two_region_memory                  0x080004e1   Thumb Code     2  heapauxi.o(.text)
    __rt_heap_escrow$2region                 0x080004e3   Thumb Code     2  heapauxi.o(.text)
    __rt_heap_expand$2region                 0x080004e5   Thumb Code     2  heapauxi.o(.text)
    __aeabi_memcpy4                          0x080004e7   Thumb Code     0  rt_memcpy_w.o(.text)
    __aeabi_memcpy8                          0x080004e7   Thumb Code     0  rt_memcpy_w.o(.text)
    __rt_memcpy_w                            0x080004e7   Thumb Code   100  rt_memcpy_w.o(.text)
    _memcpy_lastbytes_aligned                0x0800052f   Thumb Code     0  rt_memcpy_w.o(.text)
    __user_setup_stackheap                   0x0800054b   Thumb Code    74  sys_stackheap_outer.o(.text)
    exit                                     0x08000595   Thumb Code    18  exit.o(.text)
    __user_libspace                          0x080005a9   Thumb Code     8  libspace.o(.text)
    __user_perproc_libspace                  0x080005a9   Thumb Code     0  libspace.o(.text)
    __user_perthread_libspace                0x080005a9   Thumb Code     0  libspace.o(.text)
    _sys_exit                                0x080005b1   Thumb Code     8  sys_exit.o(.text)
    __I$use$semihosting                      0x080005bd   Thumb Code     0  use_no_semi.o(.text)
    __use_no_semihosting_swi                 0x080005bd   Thumb Code     2  use_no_semi.o(.text)
    __semihosting_library_function           0x080005bf   Thumb Code     0  indicate_semi.o(.text)
    BusFault_Handler                         0x080005c1   Thumb Code     2  stm32h7xx_it.o(.text.BusFault_Handler)
    DJmotor_Func                             0x080005c9   Thumb Code   266  motor.o(.text.DJmotor_Func)
    DJmotor_Init                             0x080006d9   Thumb Code   324  motor.o(.text.DJmotor_Init)
    DJmotor_PositionMode                     0x08000821   Thumb Code   348  motor.o(.text.DJmotor_PositionMode)
    DJmotor_Receive                          0x08000981   Thumb Code   424  motor.o(.text.DJmotor_Receive)
    DJmotor_SpeedMode                        0x08000b29   Thumb Code   190  motor.o(.text.DJmotor_SpeedMode)
    DJmotor_ZeroMode                         0x08000be9   Thumb Code   184  motor.o(.text.DJmotor_ZeroMode)
    DebugMon_Handler                         0x08000ca1   Thumb Code     2  stm32h7xx_it.o(.text.DebugMon_Handler)
    Error_Handler                            0x08000ca9   Thumb Code     6  main.o(.text.Error_Handler)
    ExitRun0Mode                             0x08000cb1   Thumb Code    26  system_stm32h7xx.o(.text.ExitRun0Mode)
    FDCAN2_IT0_IRQHandler                    0x08000cd1   Thumb Code    16  stm32h7xx_it.o(.text.FDCAN2_IT0_IRQHandler)
    FDCAN2_IT1_IRQHandler                    0x08000ce1   Thumb Code    16  stm32h7xx_it.o(.text.FDCAN2_IT1_IRQHandler)
    HAL_FDCAN_ActivateNotification           0x08000d79   Thumb Code   120  stm32h7xx_hal_fdcan.o(.text.HAL_FDCAN_ActivateNotification)
    HAL_FDCAN_AddMessageToTxFifoQ            0x08000df1   Thumb Code   102  stm32h7xx_hal_fdcan.o(.text.HAL_FDCAN_AddMessageToTxFifoQ)
    HAL_FDCAN_ClockCalibrationCallback       0x08000e59   Thumb Code     2  stm32h7xx_hal_fdcan.o(.text.HAL_FDCAN_ClockCalibrationCallback)
    HAL_FDCAN_ConfigFilter                   0x08000e61   Thumb Code   136  stm32h7xx_hal_fdcan.o(.text.HAL_FDCAN_ConfigFilter)
    HAL_FDCAN_ErrorCallback                  0x08000ee9   Thumb Code     2  stm32h7xx_hal_fdcan.o(.text.HAL_FDCAN_ErrorCallback)
    HAL_FDCAN_ErrorStatusCallback            0x08000ef1   Thumb Code     2  stm32h7xx_hal_fdcan.o(.text.HAL_FDCAN_ErrorStatusCallback)
    HAL_FDCAN_GetRxMessage                   0x08000ef9   Thumb Code   418  stm32h7xx_hal_fdcan.o(.text.HAL_FDCAN_GetRxMessage)
    HAL_FDCAN_HighPriorityMessageCallback    0x080010a1   Thumb Code     2  stm32h7xx_hal_fdcan.o(.text.HAL_FDCAN_HighPriorityMessageCallback)
    HAL_FDCAN_IRQHandler                     0x080010a9   Thumb Code   782  stm32h7xx_hal_fdcan.o(.text.HAL_FDCAN_IRQHandler)
    HAL_FDCAN_Init                           0x080013b9   Thumb Code   966  stm32h7xx_hal_fdcan.o(.text.HAL_FDCAN_Init)
    HAL_FDCAN_MspInit                        0x08001781   Thumb Code   244  fdcan.o(.text.HAL_FDCAN_MspInit)
    HAL_FDCAN_RxBufferNewMessageCallback     0x08001879   Thumb Code     2  stm32h7xx_hal_fdcan.o(.text.HAL_FDCAN_RxBufferNewMessageCallback)
    HAL_FDCAN_RxFifo0Callback                0x08001881   Thumb Code   126  fdcan_irq_handler.o(.text.HAL_FDCAN_RxFifo0Callback)
    HAL_FDCAN_RxFifo1Callback                0x08001901   Thumb Code     2  stm32h7xx_hal_fdcan.o(.text.HAL_FDCAN_RxFifo1Callback)
    HAL_FDCAN_Start                          0x08001909   Thumb Code    50  stm32h7xx_hal_fdcan.o(.text.HAL_FDCAN_Start)
    HAL_FDCAN_TT_GlobalTimeCallback          0x08001941   Thumb Code     2  stm32h7xx_hal_fdcan.o(.text.HAL_FDCAN_TT_GlobalTimeCallback)
    HAL_FDCAN_TT_ScheduleSyncCallback        0x08001949   Thumb Code     2  stm32h7xx_hal_fdcan.o(.text.HAL_FDCAN_TT_ScheduleSyncCallback)
    HAL_FDCAN_TT_StopWatchCallback           0x08001951   Thumb Code     2  stm32h7xx_hal_fdcan.o(.text.HAL_FDCAN_TT_StopWatchCallback)
    HAL_FDCAN_TT_TimeMarkCallback            0x08001959   Thumb Code     2  stm32h7xx_hal_fdcan.o(.text.HAL_FDCAN_TT_TimeMarkCallback)
    HAL_FDCAN_TimeoutOccurredCallback        0x08001961   Thumb Code     2  stm32h7xx_hal_fdcan.o(.text.HAL_FDCAN_TimeoutOccurredCallback)
    HAL_FDCAN_TimestampWraparoundCallback    0x08001969   Thumb Code     2  stm32h7xx_hal_fdcan.o(.text.HAL_FDCAN_TimestampWraparoundCallback)
    HAL_FDCAN_TxBufferAbortCallback          0x08001971   Thumb Code     2  stm32h7xx_hal_fdcan.o(.text.HAL_FDCAN_TxBufferAbortCallback)
    HAL_FDCAN_TxBufferCompleteCallback       0x08001979   Thumb Code     2  stm32h7xx_hal_fdcan.o(.text.HAL_FDCAN_TxBufferCompleteCallback)
    HAL_FDCAN_TxEventFifoCallback            0x08001981   Thumb Code     2  stm32h7xx_hal_fdcan.o(.text.HAL_FDCAN_TxEventFifoCallback)
    HAL_FDCAN_TxFifoEmptyCallback            0x08001989   Thumb Code     2  stm32h7xx_hal_fdcan.o(.text.HAL_FDCAN_TxFifoEmptyCallback)
    HAL_GPIO_Init                            0x08001991   Thumb Code   428  stm32h7xx_hal_gpio.o(.text.HAL_GPIO_Init)
    HAL_GetTick                              0x08001b41   Thumb Code    12  stm32h7xx_hal.o(.text.HAL_GetTick)
    HAL_IncTick                              0x08001b51   Thumb Code    26  stm32h7xx_hal.o(.text.HAL_IncTick)
    HAL_Init                                 0x08001b71   Thumb Code   100  stm32h7xx_hal.o(.text.HAL_Init)
    HAL_InitTick                             0x08001bd9   Thumb Code   154  stm32h7xx_hal_timebase_tim.o(.text.HAL_InitTick)
    HAL_MPU_ConfigRegion                     0x08001c79   Thumb Code    94  stm32h7xx_hal_cortex.o(.text.HAL_MPU_ConfigRegion)
    HAL_MPU_Disable                          0x08001cd9   Thumb Code    26  stm32h7xx_hal_cortex.o(.text.HAL_MPU_Disable)
    HAL_MPU_Enable                           0x08001cf9   Thumb Code    32  stm32h7xx_hal_cortex.o(.text.HAL_MPU_Enable)
    HAL_MspInit                              0x08001d19   Thumb Code    46  stm32h7xx_hal_msp.o(.text.HAL_MspInit)
    HAL_NVIC_EnableIRQ                       0x08001d49   Thumb Code    32  stm32h7xx_hal_cortex.o(.text.HAL_NVIC_EnableIRQ)
    HAL_NVIC_SetPriority                     0x08001d69   Thumb Code    94  stm32h7xx_hal_cortex.o(.text.HAL_NVIC_SetPriority)
    HAL_NVIC_SetPriorityGrouping             0x08001dc9   Thumb Code    32  stm32h7xx_hal_cortex.o(.text.HAL_NVIC_SetPriorityGrouping)
    HAL_PWREx_ConfigSupply                   0x08001de9   Thumb Code    72  stm32h7xx_hal_pwr_ex.o(.text.HAL_PWREx_ConfigSupply)
    HAL_RCCEx_PeriphCLKConfig                0x08001e31   Thumb Code  2430  stm32h7xx_hal_rcc_ex.o(.text.HAL_RCCEx_PeriphCLKConfig)
    HAL_RCC_ClockConfig                      0x080027b1   Thumb Code   596  stm32h7xx_hal_rcc.o(.text.HAL_RCC_ClockConfig)
    HAL_RCC_GetClockConfig                   0x08002a09   Thumb Code    88  stm32h7xx_hal_rcc.o(.text.HAL_RCC_GetClockConfig)
    HAL_RCC_GetPCLK2Freq                     0x08002a61   Thumb Code    96  stm32h7xx_hal_rcc.o(.text.HAL_RCC_GetPCLK2Freq)
    HAL_RCC_GetSysClockFreq                  0x08002ac1   Thumb Code   264  stm32h7xx_hal_rcc.o(.text.HAL_RCC_GetSysClockFreq)
    HAL_RCC_OscConfig                        0x08002bc9   Thumb Code  1372  stm32h7xx_hal_rcc.o(.text.HAL_RCC_OscConfig)
    HAL_TIMEx_Break2Callback                 0x08003129   Thumb Code     2  stm32h7xx_hal_tim_ex.o(.text.HAL_TIMEx_Break2Callback)
    HAL_TIMEx_BreakCallback                  0x08003131   Thumb Code     2  stm32h7xx_hal_tim_ex.o(.text.HAL_TIMEx_BreakCallback)
    HAL_TIMEx_CommutCallback                 0x08003139   Thumb Code     2  stm32h7xx_hal_tim_ex.o(.text.HAL_TIMEx_CommutCallback)
    HAL_TIM_Base_Init                        0x08003141   Thumb Code    96  stm32h7xx_hal_tim.o(.text.HAL_TIM_Base_Init)
    HAL_TIM_Base_MspInit                     0x080031a1   Thumb Code     2  stm32h7xx_hal_tim.o(.text.HAL_TIM_Base_MspInit)
    HAL_TIM_Base_Start_IT                    0x080031a9   Thumb Code   202  stm32h7xx_hal_tim.o(.text.HAL_TIM_Base_Start_IT)
    HAL_TIM_IC_CaptureCallback               0x08003279   Thumb Code     2  stm32h7xx_hal_tim.o(.text.HAL_TIM_IC_CaptureCallback)
    HAL_TIM_IRQHandler                       0x08003281   Thumb Code   352  stm32h7xx_hal_tim.o(.text.HAL_TIM_IRQHandler)
    HAL_TIM_OC_DelayElapsedCallback          0x080033e1   Thumb Code     2  stm32h7xx_hal_tim.o(.text.HAL_TIM_OC_DelayElapsedCallback)
    HAL_TIM_PWM_PulseFinishedCallback        0x080033e9   Thumb Code     2  stm32h7xx_hal_tim.o(.text.HAL_TIM_PWM_PulseFinishedCallback)
    HAL_TIM_PeriodElapsedCallback            0x080033f1   Thumb Code    22  main.o(.text.HAL_TIM_PeriodElapsedCallback)
    HAL_TIM_TriggerCallback                  0x08003409   Thumb Code     2  stm32h7xx_hal_tim.o(.text.HAL_TIM_TriggerCallback)
    HardFault_Handler                        0x08003411   Thumb Code     2  stm32h7xx_it.o(.text.HardFault_Handler)
    MX_FDCAN2_Init                           0x08003419   Thumb Code   152  fdcan.o(.text.MX_FDCAN2_Init)
    MX_FREERTOS_Init                         0x080034b1   Thumb Code    40  freertos.o(.text.MX_FREERTOS_Init)
    MX_GPIO_Init                             0x080034d9   Thumb Code    50  gpio.o(.text.MX_GPIO_Init)
    MemManage_Handler                        0x08003511   Thumb Code     2  stm32h7xx_it.o(.text.MemManage_Handler)
    MotorFeedbackTask                        0x08003519   Thumb Code    48  app_tasks.o(.text.MotorFeedbackTask)
    MotorStateMachineTask                    0x08003549   Thumb Code    12  app_tasks.o(.text.MotorStateMachineTask)
    NMI_Handler                              0x08003559   Thumb Code     2  stm32h7xx_it.o(.text.NMI_Handler)
    PID_Caculate                             0x08003561   Thumb Code   152  pid.o(.text.PID_Caculate)
    PID_Init                                 0x080035f9   Thumb Code    24  pid.o(.text.PID_Init)
    PID_Reset                                0x08003611   Thumb Code    10  pid.o(.text.PID_Reset)
    PendSV_Handler                           0x08003621   Thumb Code   100  port.o(.text.PendSV_Handler)
    SVC_Handler                              0x080038d1   Thumb Code    36  port.o(.text.SVC_Handler)
    StartDefaultTask                         0x080038f9   Thumb Code     8  freertos.o(.text.StartDefaultTask)
    SysTick_Handler                          0x08003901   Thumb Code    28  cmsis_os2.o(.text.SysTick_Handler)
    SystemClock_Config                       0x08003921   Thumb Code   170  main.o(.text.SystemClock_Config)
    SystemInit                               0x080039d1   Thumb Code   210  system_stm32h7xx.o(.text.SystemInit)
    TIM1_UP_IRQHandler                       0x08003aa9   Thumb Code    16  stm32h7xx_it.o(.text.TIM1_UP_IRQHandler)
    TIM_Base_SetConfig                       0x08003ab9   Thumb Code   346  stm32h7xx_hal_tim.o(.text.TIM_Base_SetConfig)
    UsageFault_Handler                       0x08003c19   Thumb Code     2  stm32h7xx_it.o(.text.UsageFault_Handler)
    app_tasks_create                         0x08003c21   Thumb Code    68  app_tasks.o(.text.app_tasks_create)
    fdCan_Start                              0x08003c69   Thumb Code    28  fdcan_irq_handler.o(.text.fdCan_Start)
    main                                     0x08003c89   Thumb Code   226  main.o(.text.main)
    osDelay                                  0x08003d71   Thumb Code    58  cmsis_os2.o(.text.osDelay)
    osKernelInitialize                       0x08003db1   Thumb Code    74  cmsis_os2.o(.text.osKernelInitialize)
    osKernelStart                            0x08003e01   Thumb Code    90  cmsis_os2.o(.text.osKernelStart)
    osMessageQueueGet                        0x08003e61   Thumb Code   162  cmsis_os2.o(.text.osMessageQueueGet)
    osMessageQueueNew                        0x08003f09   Thumb Code   204  cmsis_os2.o(.text.osMessageQueueNew)
    osMessageQueuePut                        0x08003fd9   Thumb Code   166  cmsis_os2.o(.text.osMessageQueuePut)
    osThreadNew                              0x08004081   Thumb Code   246  cmsis_os2.o(.text.osThreadNew)
    pvPortMalloc                             0x08004811   Thumb Code   422  heap_4.o(.text.pvPortMalloc)
    pxPortInitialiseStack                    0x080049b9   Thumb Code    44  port.o(.text.pxPortInitialiseStack)
    uxListRemove                             0x080049e9   Thumb Code    42  list.o(.text.uxListRemove)
    uxTaskGetNumberOfTasks                   0x08004a19   Thumb Code    12  tasks.o(.text.uxTaskGetNumberOfTasks)
    vApplicationGetIdleTaskMemory            0x08004a29   Thumb Code    26  cmsis_os2.o(.text.vApplicationGetIdleTaskMemory)
    vApplicationGetTimerTaskMemory           0x08004a49   Thumb Code    28  cmsis_os2.o(.text.vApplicationGetTimerTaskMemory)
    vListInitialise                          0x08004a69   Thumb Code    22  list.o(.text.vListInitialise)
    vListInitialiseItem                      0x08004a81   Thumb Code     6  list.o(.text.vListInitialiseItem)
    vListInsert                              0x08004a89   Thumb Code    58  list.o(.text.vListInsert)
    vPortEnterCritical                       0x08004ae1   Thumb Code    74  port.o(.text.vPortEnterCritical)
    vPortExitCritical                        0x08004b31   Thumb Code    46  port.o(.text.vPortExitCritical)
    vPortFree                                0x08004b61   Thumb Code   192  heap_4.o(.text.vPortFree)
    vPortSetupTimerInterrupt                 0x08004c21   Thumb Code    52  port.o(.text.vPortSetupTimerInterrupt)
    vPortValidateInterruptPriority           0x08004c59   Thumb Code    98  port.o(.text.vPortValidateInterruptPriority)
    vQueueAddToRegistry                      0x08004cc1   Thumb Code    94  queue.o(.text.vQueueAddToRegistry)
    vQueueWaitForMessageRestricted           0x08004d21   Thumb Code    68  queue.o(.text.vQueueWaitForMessageRestricted)
    vTaskDelay                               0x08004d69   Thumb Code   166  tasks.o(.text.vTaskDelay)
    vTaskInternalSetTimeOutState             0x08004e11   Thumb Code    26  tasks.o(.text.vTaskInternalSetTimeOutState)
    vTaskMissedYield                         0x08004e31   Thumb Code    14  tasks.o(.text.vTaskMissedYield)
    vTaskPlaceOnEventList                    0x08004e41   Thumb Code    50  tasks.o(.text.vTaskPlaceOnEventList)
    vTaskPlaceOnEventListRestricted          0x08004e79   Thumb Code   110  tasks.o(.text.vTaskPlaceOnEventListRestricted)
    vTaskStartScheduler                      0x08004ee9   Thumb Code   168  tasks.o(.text.vTaskStartScheduler)
    vTaskSuspendAll                          0x08004f99   Thumb Code    16  tasks.o(.text.vTaskSuspendAll)
    vTaskSwitchContext                       0x08004fa9   Thumb Code   162  tasks.o(.text.vTaskSwitchContext)
    xPortStartScheduler                      0x08005051   Thumb Code   350  port.o(.text.xPortStartScheduler)
    xPortSysTickHandler                      0x080051b1   Thumb Code    46  port.o(.text.xPortSysTickHandler)
    xQueueGenericCreate                      0x080051e1   Thumb Code   176  queue.o(.text.xQueueGenericCreate)
    xQueueGenericCreateStatic                0x08005291   Thumb Code   206  queue.o(.text.xQueueGenericCreateStatic)
    xQueueGenericSend                        0x08005361   Thumb Code   530  queue.o(.text.xQueueGenericSend)
    xQueueGenericSendFromISR                 0x08005579   Thumb Code   352  queue.o(.text.xQueueGenericSendFromISR)
    xQueueReceive                            0x080056d9   Thumb Code   424  queue.o(.text.xQueueReceive)
    xQueueReceiveFromISR                     0x08005881   Thumb Code   270  queue.o(.text.xQueueReceiveFromISR)
    xTaskCheckForTimeOut                     0x08005991   Thumb Code   146  tasks.o(.text.xTaskCheckForTimeOut)
    xTaskCreate                              0x08005a29   Thumb Code   208  tasks.o(.text.xTaskCreate)
    xTaskCreateStatic                        0x08005af9   Thumb Code   250  tasks.o(.text.xTaskCreateStatic)
    xTaskGetSchedulerState                   0x08005bf9   Thumb Code    36  tasks.o(.text.xTaskGetSchedulerState)
    xTaskGetTickCount                        0x08005c21   Thumb Code    12  tasks.o(.text.xTaskGetTickCount)
    xTaskIncrementTick                       0x08005c31   Thumb Code   440  tasks.o(.text.xTaskIncrementTick)
    xTaskPriorityDisinherit                  0x08005de9   Thumb Code   166  tasks.o(.text.xTaskPriorityDisinherit)
    xTaskRemoveFromEventList                 0x08005e91   Thumb Code   240  tasks.o(.text.xTaskRemoveFromEventList)
    xTaskResumeAll                           0x08005f81   Thumb Code   392  tasks.o(.text.xTaskResumeAll)
    xTimerCreateTimerTask                    0x08006109   Thumb Code   108  timers.o(.text.xTimerCreateTimerTask)
    _fp_init                                 0x0800617d   Thumb Code    26  fpinit.o(x$fpl$fpinit)
    __fplib_config_fpu_vfp                   0x08006195   Thumb Code     0  fpinit.o(x$fpl$fpinit)
    __fplib_config_pureend_doubles           0x08006195   Thumb Code     0  fpinit.o(x$fpl$fpinit)
    D1CorePrescTable                         0x080061e4   Data          16  system_stm32h7xx.o(.rodata.D1CorePrescTable)
    defaultTask_attributes                   0x0800624c   Data          36  freertos.o(.rodata.defaultTask_attributes)
    uxTopUsedPriority                        0x080062ac   Data           4  tasks.o(.rodata.uxTopUsedPriority)
    Region$$Table$$Base                      0x080062b0   Number         0  anon$$obj.o(Region$$Table)
    Region$$Table$$Limit                     0x080062d0   Number         0  anon$$obj.o(Region$$Table)
    SystemCoreClock                          0x24000000   Data           4  system_stm32h7xx.o(.data.SystemCoreClock)
    SystemD2Clock                            0x24000004   Data           4  system_stm32h7xx.o(.data.SystemD2Clock)
    uwTickFreq                               0x24000008   Data           1  stm32h7xx_hal.o(.data.uwTickFreq)
    uwTickPrio                               0x2400000c   Data           4  stm32h7xx_hal.o(.data.uwTickPrio)
    __libspace_start                         0x24000018   Data          96  libspace.o(.bss)
    DJmotor                                  0x24000078   Data         960  motor.o(.bss.DJmotor)
    __temporary_stack_top$libspace           0x24000078   Data           0  libspace.o(.bss)
    can_rx_queue                             0x24000444   Data           4  app_tasks.o(.bss.can_rx_queue)
    defaultTaskHandle                        0x24000448   Data           4  freertos.o(.bss.defaultTaskHandle)
    hfdcan2                                  0x2400044c   Data         160  fdcan.o(.bss.hfdcan2)
    htim1                                    0x240004ec   Data          76  stm32h7xx_hal_timebase_tim.o(.bss.htim1)
    pxCurrentTCB                             0x2400062c   Data           4  tasks.o(.bss.pxCurrentTCB)
    uwTick                                   0x240046ac   Data           4  stm32h7xx_hal.o(.bss.uwTick)
    xQueueRegistry                           0x24004e00   Data          64  queue.o(.bss.xQueueRegistry)



==============================================================================

Memory Map of the image

  Image Entry point : 0x080002cd

  Load Region LR_IROM1 (Base: 0x08000000, Size: 0x000062e8, Max: 0x00080000, ABSOLUTE)

    Execution Region ER_IROM1 (Exec base: 0x08000000, Load base: 0x08000000, Size: 0x000062d0, Max: 0x00080000, ABSOLUTE)

    Exec Addr    Load Addr    Size         Type   Attr      Idx    E Section Name        Object

    0x08000000   0x08000000   0x000002cc   Data   RO            3    RESET               startup_stm32h723xx.o
    0x080002cc   0x080002cc   0x00000008   Code   RO         2200  * !!!main             c_w.l(__main.o)
    0x080002d4   0x080002d4   0x00000034   Code   RO         2367    !!!scatter          c_w.l(__scatter.o)
    0x08000308   0x08000308   0x0000001a   Code   RO         2369    !!handler_copy      c_w.l(__scatter_copy.o)
    0x08000322   0x08000322   0x00000002   PAD
    0x08000324   0x08000324   0x0000001c   Code   RO         2371    !!handler_zi        c_w.l(__scatter_zi.o)
    0x08000340   0x08000340   0x00000002   Code   RO         2229    .ARM.Collect$$libinit$$00000000  c_w.l(libinit.o)
    0x08000342   0x08000342   0x00000004   Code   RO         2235    .ARM.Collect$$libinit$$00000001  c_w.l(libinit2.o)
    0x08000346   0x08000346   0x00000000   Code   RO         2238    .ARM.Collect$$libinit$$00000004  c_w.l(libinit2.o)
    0x08000346   0x08000346   0x00000000   Code   RO         2240    .ARM.Collect$$libinit$$00000006  c_w.l(libinit2.o)
    0x08000346   0x08000346   0x00000000   Code   RO         2243    .ARM.Collect$$libinit$$0000000C  c_w.l(libinit2.o)
    0x08000346   0x08000346   0x00000000   Code   RO         2245    .ARM.Collect$$libinit$$0000000E  c_w.l(libinit2.o)
    0x08000346   0x08000346   0x00000000   Code   RO         2247    .ARM.Collect$$libinit$$00000010  c_w.l(libinit2.o)
    0x08000346   0x08000346   0x00000000   Code   RO         2250    .ARM.Collect$$libinit$$00000013  c_w.l(libinit2.o)
    0x08000346   0x08000346   0x00000000   Code   RO         2252    .ARM.Collect$$libinit$$00000015  c_w.l(libinit2.o)
    0x08000346   0x08000346   0x00000000   Code   RO         2254    .ARM.Collect$$libinit$$00000017  c_w.l(libinit2.o)
    0x08000346   0x08000346   0x00000000   Code   RO         2256    .ARM.Collect$$libinit$$00000019  c_w.l(libinit2.o)
    0x08000346   0x08000346   0x00000000   Code   RO         2258    .ARM.Collect$$libinit$$0000001B  c_w.l(libinit2.o)
    0x08000346   0x08000346   0x00000000   Code   RO         2260    .ARM.Collect$$libinit$$0000001D  c_w.l(libinit2.o)
    0x08000346   0x08000346   0x00000000   Code   RO         2262    .ARM.Collect$$libinit$$0000001F  c_w.l(libinit2.o)
    0x08000346   0x08000346   0x00000000   Code   RO         2264    .ARM.Collect$$libinit$$00000021  c_w.l(libinit2.o)
    0x08000346   0x08000346   0x00000000   Code   RO         2266    .ARM.Collect$$libinit$$00000023  c_w.l(libinit2.o)
    0x08000346   0x08000346   0x00000000   Code   RO         2268    .ARM.Collect$$libinit$$00000025  c_w.l(libinit2.o)
    0x08000346   0x08000346   0x00000000   Code   RO         2270    .ARM.Collect$$libinit$$00000027  c_w.l(libinit2.o)
    0x08000346   0x08000346   0x00000000   Code   RO         2274    .ARM.Collect$$libinit$$0000002E  c_w.l(libinit2.o)
    0x08000346   0x08000346   0x00000000   Code   RO         2276    .ARM.Collect$$libinit$$00000030  c_w.l(libinit2.o)
    0x08000346   0x08000346   0x00000000   Code   RO         2278    .ARM.Collect$$libinit$$00000032  c_w.l(libinit2.o)
    0x08000346   0x08000346   0x00000000   Code   RO         2280    .ARM.Collect$$libinit$$00000034  c_w.l(libinit2.o)
    0x08000346   0x08000346   0x00000002   Code   RO         2281    .ARM.Collect$$libinit$$00000035  c_w.l(libinit2.o)
    0x08000348   0x08000348   0x00000002   Code   RO         2303    .ARM.Collect$$libshutdown$$00000000  c_w.l(libshutdown.o)
    0x0800034a   0x0800034a   0x00000000   Code   RO         2318    .ARM.Collect$$libshutdown$$00000002  c_w.l(libshutdown2.o)
    0x0800034a   0x0800034a   0x00000000   Code   RO         2320    .ARM.Collect$$libshutdown$$00000004  c_w.l(libshutdown2.o)
    0x0800034a   0x0800034a   0x00000000   Code   RO         2323    .ARM.Collect$$libshutdown$$00000007  c_w.l(libshutdown2.o)
    0x0800034a   0x0800034a   0x00000000   Code   RO         2326    .ARM.Collect$$libshutdown$$0000000A  c_w.l(libshutdown2.o)
    0x0800034a   0x0800034a   0x00000000   Code   RO         2328    .ARM.Collect$$libshutdown$$0000000C  c_w.l(libshutdown2.o)
    0x0800034a   0x0800034a   0x00000000   Code   RO         2331    .ARM.Collect$$libshutdown$$0000000F  c_w.l(libshutdown2.o)
    0x0800034a   0x0800034a   0x00000002   Code   RO         2332    .ARM.Collect$$libshutdown$$00000010  c_w.l(libshutdown2.o)
    0x0800034c   0x0800034c   0x00000000   Code   RO         2202    .ARM.Collect$$rtentry$$00000000  c_w.l(__rtentry.o)
    0x0800034c   0x0800034c   0x00000000   Code   RO         2206    .ARM.Collect$$rtentry$$00000002  c_w.l(__rtentry2.o)
    0x0800034c   0x0800034c   0x00000006   Code   RO         2218    .ARM.Collect$$rtentry$$00000004  c_w.l(__rtentry4.o)
    0x08000352   0x08000352   0x00000000   Code   RO         2208    .ARM.Collect$$rtentry$$00000009  c_w.l(__rtentry2.o)
    0x08000352   0x08000352   0x00000004   Code   RO         2209    .ARM.Collect$$rtentry$$0000000A  c_w.l(__rtentry2.o)
    0x08000356   0x08000356   0x00000000   Code   RO         2211    .ARM.Collect$$rtentry$$0000000C  c_w.l(__rtentry2.o)
    0x08000356   0x08000356   0x00000008   Code   RO         2212    .ARM.Collect$$rtentry$$0000000D  c_w.l(__rtentry2.o)
    0x0800035e   0x0800035e   0x00000002   Code   RO         2233    .ARM.Collect$$rtexit$$00000000  c_w.l(rtexit.o)
    0x08000360   0x08000360   0x00000000   Code   RO         2283    .ARM.Collect$$rtexit$$00000002  c_w.l(rtexit2.o)
    0x08000360   0x08000360   0x00000004   Code   RO         2284    .ARM.Collect$$rtexit$$00000003  c_w.l(rtexit2.o)
    0x08000364   0x08000364   0x00000006   Code   RO         2285    .ARM.Collect$$rtexit$$00000004  c_w.l(rtexit2.o)
    0x0800036a   0x0800036a   0x00000002   PAD
    0x0800036c   0x0800036c   0x00000048   Code   RO            4    .text               startup_stm32h723xx.o
    0x080003b4   0x080003b4   0x0000008a   Code   RO         2188    .text               c_w.l(rt_memcpy_v6.o)
    0x0800043e   0x0800043e   0x00000010   Code   RO         2192    .text               c_w.l(aeabi_memset4.o)
    0x0800044e   0x0800044e   0x00000044   Code   RO         2194    .text               c_w.l(rt_memclr.o)
    0x08000492   0x08000492   0x0000004e   Code   RO         2196    .text               c_w.l(rt_memclr_w.o)
    0x080004e0   0x080004e0   0x00000006   Code   RO         2198    .text               c_w.l(heapauxi.o)
    0x080004e6   0x080004e6   0x00000064   Code   RO         2203    .text               c_w.l(rt_memcpy_w.o)
    0x0800054a   0x0800054a   0x0000004a   Code   RO         2220    .text               c_w.l(sys_stackheap_outer.o)
    0x08000594   0x08000594   0x00000012   Code   RO         2222    .text               c_w.l(exit.o)
    0x080005a6   0x080005a6   0x00000002   PAD
    0x080005a8   0x080005a8   0x00000008   Code   RO         2230    .text               c_w.l(libspace.o)
    0x080005b0   0x080005b0   0x0000000c   Code   RO         2293    .text               c_w.l(sys_exit.o)
    0x080005bc   0x080005bc   0x00000002   Code   RO         2308    .text               c_w.l(use_no_semi.o)
    0x080005be   0x080005be   0x00000000   Code   RO         2310    .text               c_w.l(indicate_semi.o)
    0x080005be   0x080005be   0x00000002   PAD
    0x080005c0   0x080005c0   0x00000002   Code   RO           71    .text.BusFault_Handler  stm32h7xx_it.o
    0x080005c2   0x080005c2   0x00000006   PAD
    0x080005c8   0x080005c8   0x0000010a   Code   RO         1510    .text.DJmotor_Func  motor.o
    0x080006d2   0x080006d2   0x00000006   PAD
    0x080006d8   0x080006d8   0x00000144   Code   RO         1492    .text.DJmotor_Init  motor.o
    0x0800081c   0x0800081c   0x00000004   PAD
    0x08000820   0x08000820   0x0000015c   Code   RO         1506    .text.DJmotor_PositionMode  motor.o
    0x0800097c   0x0800097c   0x00000004   PAD
    0x08000980   0x08000980   0x000001a8   Code   RO         1498    .text.DJmotor_Receive  motor.o
    0x08000b28   0x08000b28   0x000000be   Code   RO         1504    .text.DJmotor_SpeedMode  motor.o
    0x08000be6   0x08000be6   0x00000002   PAD
    0x08000be8   0x08000be8   0x000000b8   Code   RO         1508    .text.DJmotor_ZeroMode  motor.o
    0x08000ca0   0x08000ca0   0x00000002   Code   RO           75    .text.DebugMon_Handler  stm32h7xx_it.o
    0x08000ca2   0x08000ca2   0x00000006   PAD
    0x08000ca8   0x08000ca8   0x00000006   Code   RO           15    .text.Error_Handler  main.o
    0x08000cae   0x08000cae   0x00000002   PAD
    0x08000cb0   0x08000cb0   0x0000001a   Code   RO         1479    .text.ExitRun0Mode  system_stm32h7xx.o
    0x08000cca   0x08000cca   0x00000006   PAD
    0x08000cd0   0x08000cd0   0x00000010   Code   RO           77    .text.FDCAN2_IT0_IRQHandler  stm32h7xx_it.o
    0x08000ce0   0x08000ce0   0x00000010   Code   RO           79    .text.FDCAN2_IT1_IRQHandler  stm32h7xx_it.o
    0x08000cf0   0x08000cf0   0x00000086   Code   RO          571    .text.FDCAN_CopyMessageToRAM  stm32h7xx_hal_fdcan.o
    0x08000d76   0x08000d76   0x00000002   PAD
    0x08000d78   0x08000d78   0x00000078   Code   RO          649    .text.HAL_FDCAN_ActivateNotification  stm32h7xx_hal_fdcan.o
    0x08000df0   0x08000df0   0x00000066   Code   RO          569    .text.HAL_FDCAN_AddMessageToTxFifoQ  stm32h7xx_hal_fdcan.o
    0x08000e56   0x08000e56   0x00000002   PAD
    0x08000e58   0x08000e58   0x00000002   Code   RO          663    .text.HAL_FDCAN_ClockCalibrationCallback  stm32h7xx_hal_fdcan.o
    0x08000e5a   0x08000e5a   0x00000006   PAD
    0x08000e60   0x08000e60   0x00000088   Code   RO          521    .text.HAL_FDCAN_ConfigFilter  stm32h7xx_hal_fdcan.o
    0x08000ee8   0x08000ee8   0x00000002   Code   RO          691    .text.HAL_FDCAN_ErrorCallback  stm32h7xx_hal_fdcan.o
    0x08000eea   0x08000eea   0x00000006   PAD
    0x08000ef0   0x08000ef0   0x00000002   Code   RO          681    .text.HAL_FDCAN_ErrorStatusCallback  stm32h7xx_hal_fdcan.o
    0x08000ef2   0x08000ef2   0x00000006   PAD
    0x08000ef8   0x08000ef8   0x000001a2   Code   RO          581    .text.HAL_FDCAN_GetRxMessage  stm32h7xx_hal_fdcan.o
    0x0800109a   0x0800109a   0x00000006   PAD
    0x080010a0   0x080010a0   0x00000002   Code   RO          659    .text.HAL_FDCAN_HighPriorityMessageCallback  stm32h7xx_hal_fdcan.o
    0x080010a2   0x080010a2   0x00000006   PAD
    0x080010a8   0x080010a8   0x0000030e   Code   RO          657    .text.HAL_FDCAN_IRQHandler  stm32h7xx_hal_fdcan.o
    0x080013b6   0x080013b6   0x00000002   PAD
    0x080013b8   0x080013b8   0x000003c6   Code   RO          499    .text.HAL_FDCAN_Init  stm32h7xx_hal_fdcan.o
    0x0800177e   0x0800177e   0x00000002   PAD
    0x08001780   0x08001780   0x000000f4   Code   RO           52    .text.HAL_FDCAN_MspInit  fdcan.o
    0x08001874   0x08001874   0x00000004   PAD
    0x08001878   0x08001878   0x00000002   Code   RO          675    .text.HAL_FDCAN_RxBufferNewMessageCallback  stm32h7xx_hal_fdcan.o
    0x0800187a   0x0800187a   0x00000006   PAD
    0x08001880   0x08001880   0x0000007e   Code   RO         1558    .text.HAL_FDCAN_RxFifo0Callback  fdcan_irq_handler.o
    0x080018fe   0x080018fe   0x00000002   PAD
    0x08001900   0x08001900   0x00000002   Code   RO          669    .text.HAL_FDCAN_RxFifo1Callback  stm32h7xx_hal_fdcan.o
    0x08001902   0x08001902   0x00000006   PAD
    0x08001908   0x08001908   0x00000032   Code   RO          567    .text.HAL_FDCAN_Start  stm32h7xx_hal_fdcan.o
    0x0800193a   0x0800193a   0x00000006   PAD
    0x08001940   0x08001940   0x00000002   Code   RO          689    .text.HAL_FDCAN_TT_GlobalTimeCallback  stm32h7xx_hal_fdcan.o
    0x08001942   0x08001942   0x00000006   PAD
    0x08001948   0x08001948   0x00000002   Code   RO          683    .text.HAL_FDCAN_TT_ScheduleSyncCallback  stm32h7xx_hal_fdcan.o
    0x0800194a   0x0800194a   0x00000006   PAD
    0x08001950   0x08001950   0x00000002   Code   RO          687    .text.HAL_FDCAN_TT_StopWatchCallback  stm32h7xx_hal_fdcan.o
    0x08001952   0x08001952   0x00000006   PAD
    0x08001958   0x08001958   0x00000002   Code   RO          685    .text.HAL_FDCAN_TT_TimeMarkCallback  stm32h7xx_hal_fdcan.o
    0x0800195a   0x0800195a   0x00000006   PAD
    0x08001960   0x08001960   0x00000002   Code   RO          679    .text.HAL_FDCAN_TimeoutOccurredCallback  stm32h7xx_hal_fdcan.o
    0x08001962   0x08001962   0x00000006   PAD
    0x08001968   0x08001968   0x00000002   Code   RO          677    .text.HAL_FDCAN_TimestampWraparoundCallback  stm32h7xx_hal_fdcan.o
    0x0800196a   0x0800196a   0x00000006   PAD
    0x08001970   0x08001970   0x00000002   Code   RO          661    .text.HAL_FDCAN_TxBufferAbortCallback  stm32h7xx_hal_fdcan.o
    0x08001972   0x08001972   0x00000006   PAD
    0x08001978   0x08001978   0x00000002   Code   RO          673    .text.HAL_FDCAN_TxBufferCompleteCallback  stm32h7xx_hal_fdcan.o
    0x0800197a   0x0800197a   0x00000006   PAD
    0x08001980   0x08001980   0x00000002   Code   RO          665    .text.HAL_FDCAN_TxEventFifoCallback  stm32h7xx_hal_fdcan.o
    0x08001982   0x08001982   0x00000006   PAD
    0x08001988   0x08001988   0x00000002   Code   RO          671    .text.HAL_FDCAN_TxFifoEmptyCallback  stm32h7xx_hal_fdcan.o
    0x0800198a   0x0800198a   0x00000006   PAD
    0x08001990   0x08001990   0x000001ac   Code   RO          868    .text.HAL_GPIO_Init  stm32h7xx_hal_gpio.o
    0x08001b3c   0x08001b3c   0x00000004   PAD
    0x08001b40   0x08001b40   0x0000000c   Code   RO         1168    .text.HAL_GetTick   stm32h7xx_hal.o
    0x08001b4c   0x08001b4c   0x00000004   PAD
    0x08001b50   0x08001b50   0x0000001a   Code   RO         1166    .text.HAL_IncTick   stm32h7xx_hal.o
    0x08001b6a   0x08001b6a   0x00000006   PAD
    0x08001b70   0x08001b70   0x00000064   Code   RO         1156    .text.HAL_Init      stm32h7xx_hal.o
    0x08001bd4   0x08001bd4   0x00000004   PAD
    0x08001bd8   0x08001bd8   0x0000009a   Code   RO           99    .text.HAL_InitTick  stm32h7xx_hal_timebase_tim.o
    0x08001c72   0x08001c72   0x00000006   PAD
    0x08001c78   0x08001c78   0x0000005e   Code   RO          469    .text.HAL_MPU_ConfigRegion  stm32h7xx_hal_cortex.o
    0x08001cd6   0x08001cd6   0x00000002   PAD
    0x08001cd8   0x08001cd8   0x0000001a   Code   RO          461    .text.HAL_MPU_Disable  stm32h7xx_hal_cortex.o
    0x08001cf2   0x08001cf2   0x00000006   PAD
    0x08001cf8   0x08001cf8   0x00000020   Code   RO          463    .text.HAL_MPU_Enable  stm32h7xx_hal_cortex.o
    0x08001d18   0x08001d18   0x0000002e   Code   RO           90    .text.HAL_MspInit   stm32h7xx_hal_msp.o
    0x08001d46   0x08001d46   0x00000002   PAD
    0x08001d48   0x08001d48   0x00000020   Code   RO          451    .text.HAL_NVIC_EnableIRQ  stm32h7xx_hal_cortex.o
    0x08001d68   0x08001d68   0x0000005e   Code   RO          449    .text.HAL_NVIC_SetPriority  stm32h7xx_hal_cortex.o
    0x08001dc6   0x08001dc6   0x00000002   PAD
    0x08001dc8   0x08001dc8   0x00000020   Code   RO          447    .text.HAL_NVIC_SetPriorityGrouping  stm32h7xx_hal_cortex.o
    0x08001de8   0x08001de8   0x00000048   Code   RO         1072    .text.HAL_PWREx_ConfigSupply  stm32h7xx_hal_pwr_ex.o
    0x08001e30   0x08001e30   0x0000097e   Code   RO          743    .text.HAL_RCCEx_PeriphCLKConfig  stm32h7xx_hal_rcc_ex.o
    0x080027ae   0x080027ae   0x00000002   PAD
    0x080027b0   0x080027b0   0x00000254   Code   RO          711    .text.HAL_RCC_ClockConfig  stm32h7xx_hal_rcc.o
    0x08002a04   0x08002a04   0x00000004   PAD
    0x08002a08   0x08002a08   0x00000058   Code   RO          729    .text.HAL_RCC_GetClockConfig  stm32h7xx_hal_rcc.o
    0x08002a60   0x08002a60   0x00000060   Code   RO          725    .text.HAL_RCC_GetPCLK2Freq  stm32h7xx_hal_rcc.o
    0x08002ac0   0x08002ac0   0x00000108   Code   RO          713    .text.HAL_RCC_GetSysClockFreq  stm32h7xx_hal_rcc.o
    0x08002bc8   0x08002bc8   0x0000055c   Code   RO          709    .text.HAL_RCC_OscConfig  stm32h7xx_hal_rcc.o
    0x08003124   0x08003124   0x00000004   PAD
    0x08003128   0x08003128   0x00000002   Code   RO          433    .text.HAL_TIMEx_Break2Callback  stm32h7xx_hal_tim_ex.o
    0x0800312a   0x0800312a   0x00000006   PAD
    0x08003130   0x08003130   0x00000002   Code   RO          431    .text.HAL_TIMEx_BreakCallback  stm32h7xx_hal_tim_ex.o
    0x08003132   0x08003132   0x00000006   PAD
    0x08003138   0x08003138   0x00000002   Code   RO          427    .text.HAL_TIMEx_CommutCallback  stm32h7xx_hal_tim_ex.o
    0x0800313a   0x0800313a   0x00000006   PAD
    0x08003140   0x08003140   0x00000060   Code   RO          114    .text.HAL_TIM_Base_Init  stm32h7xx_hal_tim.o
    0x080031a0   0x080031a0   0x00000002   Code   RO          116    .text.HAL_TIM_Base_MspInit  stm32h7xx_hal_tim.o
    0x080031a2   0x080031a2   0x00000006   PAD
    0x080031a8   0x080031a8   0x000000ca   Code   RO          128    .text.HAL_TIM_Base_Start_IT  stm32h7xx_hal_tim.o
    0x08003272   0x08003272   0x00000006   PAD
    0x08003278   0x08003278   0x00000002   Code   RO          250    .text.HAL_TIM_IC_CaptureCallback  stm32h7xx_hal_tim.o
    0x0800327a   0x0800327a   0x00000006   PAD
    0x08003280   0x08003280   0x00000160   Code   RO          248    .text.HAL_TIM_IRQHandler  stm32h7xx_hal_tim.o
    0x080033e0   0x080033e0   0x00000002   Code   RO          252    .text.HAL_TIM_OC_DelayElapsedCallback  stm32h7xx_hal_tim.o
    0x080033e2   0x080033e2   0x00000006   PAD
    0x080033e8   0x080033e8   0x00000002   Code   RO          254    .text.HAL_TIM_PWM_PulseFinishedCallback  stm32h7xx_hal_tim.o
    0x080033ea   0x080033ea   0x00000006   PAD
    0x080033f0   0x080033f0   0x00000016   Code   RO           17    .text.HAL_TIM_PeriodElapsedCallback  main.o
    0x08003406   0x08003406   0x00000002   PAD
    0x08003408   0x08003408   0x00000002   Code   RO          258    .text.HAL_TIM_TriggerCallback  stm32h7xx_hal_tim.o
    0x0800340a   0x0800340a   0x00000006   PAD
    0x08003410   0x08003410   0x00000002   Code   RO           67    .text.HardFault_Handler  stm32h7xx_it.o
    0x08003412   0x08003412   0x00000006   PAD
    0x08003418   0x08003418   0x00000098   Code   RO           50    .text.MX_FDCAN2_Init  fdcan.o
    0x080034b0   0x080034b0   0x00000028   Code   RO           36    .text.MX_FREERTOS_Init  freertos.o
    0x080034d8   0x080034d8   0x00000032   Code   RO           28    .text.MX_GPIO_Init  gpio.o
    0x0800350a   0x0800350a   0x00000006   PAD
    0x08003510   0x08003510   0x00000002   Code   RO           69    .text.MemManage_Handler  stm32h7xx_it.o
    0x08003512   0x08003512   0x00000006   PAD
    0x08003518   0x08003518   0x00000030   Code   RO         1537    .text.MotorFeedbackTask  app_tasks.o
    0x08003548   0x08003548   0x0000000c   Code   RO         1539    .text.MotorStateMachineTask  app_tasks.o
    0x08003554   0x08003554   0x00000004   PAD
    0x08003558   0x08003558   0x00000002   Code   RO           65    .text.NMI_Handler   stm32h7xx_it.o
    0x0800355a   0x0800355a   0x00000006   PAD
    0x08003560   0x08003560   0x00000098   Code   RO         1523    .text.PID_Caculate  pid.o
    0x080035f8   0x080035f8   0x00000018   Code   RO         1527    .text.PID_Init      pid.o
    0x08003610   0x08003610   0x0000000a   Code   RO         1525    .text.PID_Reset     pid.o
    0x0800361a   0x0800361a   0x00000006   PAD
    0x08003620   0x08003620   0x00000064   Code   RO         2170    .text.PendSV_Handler  port.o
    0x08003684   0x08003684   0x00000004   PAD
    0x08003688   0x08003688   0x0000011e   Code   RO          745    .text.RCCEx_PLL2_Config  stm32h7xx_hal_rcc_ex.o
    0x080037a6   0x080037a6   0x00000002   PAD
    0x080037a8   0x080037a8   0x0000011e   Code   RO          747    .text.RCCEx_PLL3_Config  stm32h7xx_hal_rcc_ex.o
    0x080038c6   0x080038c6   0x0000000a   PAD
    0x080038d0   0x080038d0   0x00000024   Code   RO         2154    .text.SVC_Handler   port.o
    0x080038f4   0x080038f4   0x00000004   PAD
    0x080038f8   0x080038f8   0x00000008   Code   RO           38    .text.StartDefaultTask  freertos.o
    0x08003900   0x08003900   0x0000001c   Code   RO         1958    .text.SysTick_Handler  cmsis_os2.o
    0x0800391c   0x0800391c   0x00000004   PAD
    0x08003920   0x08003920   0x000000aa   Code   RO           13    .text.SystemClock_Config  main.o
    0x080039ca   0x080039ca   0x00000006   PAD
    0x080039d0   0x080039d0   0x000000d2   Code   RO         1475    .text.SystemInit    system_stm32h7xx.o
    0x08003aa2   0x08003aa2   0x00000006   PAD
    0x08003aa8   0x08003aa8   0x00000010   Code   RO           81    .text.TIM1_UP_IRQHandler  stm32h7xx_it.o
    0x08003ab8   0x08003ab8   0x0000015a   Code   RO          118    .text.TIM_Base_SetConfig  stm32h7xx_hal_tim.o
    0x08003c12   0x08003c12   0x00000006   PAD
    0x08003c18   0x08003c18   0x00000002   Code   RO           73    .text.UsageFault_Handler  stm32h7xx_it.o
    0x08003c1a   0x08003c1a   0x00000006   PAD
    0x08003c20   0x08003c20   0x00000044   Code   RO         1541    .text.app_tasks_create  app_tasks.o
    0x08003c64   0x08003c64   0x00000004   PAD
    0x08003c68   0x08003c68   0x0000001c   Code   RO         1554    .text.fdCan_Start   fdcan_irq_handler.o
    0x08003c84   0x08003c84   0x00000004   PAD
    0x08003c88   0x08003c88   0x000000e2   Code   RO           11    .text.main          main.o
    0x08003d6a   0x08003d6a   0x00000006   PAD
    0x08003d70   0x08003d70   0x0000003a   Code   RO         2018    .text.osDelay       cmsis_os2.o
    0x08003daa   0x08003daa   0x00000006   PAD
    0x08003db0   0x08003db0   0x0000004a   Code   RO         1960    .text.osKernelInitialize  cmsis_os2.o
    0x08003dfa   0x08003dfa   0x00000006   PAD
    0x08003e00   0x08003e00   0x0000005a   Code   RO         1966    .text.osKernelStart  cmsis_os2.o
    0x08003e5a   0x08003e5a   0x00000006   PAD
    0x08003e60   0x08003e60   0x000000a2   Code   RO         2072    .text.osMessageQueueGet  cmsis_os2.o
    0x08003f02   0x08003f02   0x00000006   PAD
    0x08003f08   0x08003f08   0x000000cc   Code   RO         2068    .text.osMessageQueueNew  cmsis_os2.o
    0x08003fd4   0x08003fd4   0x00000004   PAD
    0x08003fd8   0x08003fd8   0x000000a6   Code   RO         2070    .text.osMessageQueuePut  cmsis_os2.o
    0x0800407e   0x0800407e   0x00000002   PAD
    0x08004080   0x08004080   0x000000f6   Code   RO         1982    .text.osThreadNew   cmsis_os2.o
    0x08004176   0x08004176   0x00000002   PAD
    0x08004178   0x08004178   0x0000009c   Code   RO         1769    .text.prvAddCurrentTaskToDelayedList  tasks.o
    0x08004214   0x08004214   0x00000004   PAD
    0x08004218   0x08004218   0x00000132   Code   RO         1759    .text.prvAddNewTaskToReadyList  tasks.o
    0x0800434a   0x0800434a   0x00000006   PAD
    0x08004350   0x08004350   0x0000007c   Code   RO         1899    .text.prvCheckForValidListAndQueue  timers.o
    0x080043cc   0x080043cc   0x00000004   PAD
    0x080043d0   0x080043d0   0x00000096   Code   RO         1793    .text.prvIdleTask   tasks.o
    0x08004466   0x08004466   0x00000002   PAD
    0x08004468   0x08004468   0x00000028   Code   RO         2162    .text.prvPortStartFirstTask  port.o
    0x08004490   0x08004490   0x00000082   Code   RO         1939    .text.prvProcessExpiredTimer  timers.o
    0x08004512   0x08004512   0x00000006   PAD
    0x08004518   0x08004518   0x00000032   Code   RO         2152    .text.prvTaskExitError  port.o
    0x0800454a   0x0800454a   0x00000006   PAD
    0x08004550   0x08004550   0x00000246   Code   RO         1901    .text.prvTimerTask  timers.o
    0x08004796   0x08004796   0x00000002   PAD
    0x08004798   0x08004798   0x00000078   Code   RO         1654    .text.prvUnlockQueue  queue.o
    0x08004810   0x08004810   0x000001a6   Code   RO         2121    .text.pvPortMalloc  heap_4.o
    0x080049b6   0x080049b6   0x00000002   PAD
    0x080049b8   0x080049b8   0x0000002c   Code   RO         2150    .text.pxPortInitialiseStack  port.o
    0x080049e4   0x080049e4   0x00000004   PAD
    0x080049e8   0x080049e8   0x0000002a   Code   RO         1616    .text.uxListRemove  list.o
    0x08004a12   0x08004a12   0x00000006   PAD
    0x08004a18   0x08004a18   0x0000000c   Code   RO         1803    .text.uxTaskGetNumberOfTasks  tasks.o
    0x08004a24   0x08004a24   0x00000004   PAD
    0x08004a28   0x08004a28   0x0000001a   Code   RO         2104    .text.vApplicationGetIdleTaskMemory  cmsis_os2.o
    0x08004a42   0x08004a42   0x00000006   PAD
    0x08004a48   0x08004a48   0x0000001c   Code   RO         2106    .text.vApplicationGetTimerTaskMemory  cmsis_os2.o
    0x08004a64   0x08004a64   0x00000004   PAD
    0x08004a68   0x08004a68   0x00000016   Code   RO         1608    .text.vListInitialise  list.o
    0x08004a7e   0x08004a7e   0x00000002   PAD
    0x08004a80   0x08004a80   0x00000006   Code   RO         1610    .text.vListInitialiseItem  list.o
    0x08004a86   0x08004a86   0x00000002   PAD
    0x08004a88   0x08004a88   0x0000003a   Code   RO         1614    .text.vListInsert   list.o
    0x08004ac2   0x08004ac2   0x00000006   PAD
    0x08004ac8   0x08004ac8   0x00000014   Code   RO         2160    .text.vPortEnableVFP  port.o
    0x08004adc   0x08004adc   0x00000004   PAD
    0x08004ae0   0x08004ae0   0x0000004a   Code   RO         2166    .text.vPortEnterCritical  port.o
    0x08004b2a   0x08004b2a   0x00000006   PAD
    0x08004b30   0x08004b30   0x0000002e   Code   RO         2168    .text.vPortExitCritical  port.o
    0x08004b5e   0x08004b5e   0x00000002   PAD
    0x08004b60   0x08004b60   0x000000c0   Code   RO         2123    .text.vPortFree     heap_4.o
    0x08004c20   0x08004c20   0x00000034   Code   RO         2158    .text.vPortSetupTimerInterrupt  port.o
    0x08004c54   0x08004c54   0x00000004   PAD
    0x08004c58   0x08004c58   0x00000062   Code   RO         2174    .text.vPortValidateInterruptPriority  port.o
    0x08004cba   0x08004cba   0x00000006   PAD
    0x08004cc0   0x08004cc0   0x0000005e   Code   RO         1692    .text.vQueueAddToRegistry  queue.o
    0x08004d1e   0x08004d1e   0x00000002   PAD
    0x08004d20   0x08004d20   0x00000044   Code   RO         1696    .text.vQueueWaitForMessageRestricted  queue.o
    0x08004d64   0x08004d64   0x00000004   PAD
    0x08004d68   0x08004d68   0x000000a6   Code   RO         1773    .text.vTaskDelay    tasks.o
    0x08004e0e   0x08004e0e   0x00000002   PAD
    0x08004e10   0x08004e10   0x0000001a   Code   RO         1825    .text.vTaskInternalSetTimeOutState  tasks.o
    0x08004e2a   0x08004e2a   0x00000006   PAD
    0x08004e30   0x08004e30   0x0000000e   Code   RO         1829    .text.vTaskMissedYield  tasks.o
    0x08004e3e   0x08004e3e   0x00000002   PAD
    0x08004e40   0x08004e40   0x00000032   Code   RO         1813    .text.vTaskPlaceOnEventList  tasks.o
    0x08004e72   0x08004e72   0x00000006   PAD
    0x08004e78   0x08004e78   0x0000006e   Code   RO         1817    .text.vTaskPlaceOnEventListRestricted  tasks.o
    0x08004ee6   0x08004ee6   0x00000002   PAD
    0x08004ee8   0x08004ee8   0x000000b0   Code   RO         1791    .text.vTaskStartScheduler  tasks.o
    0x08004f98   0x08004f98   0x00000010   Code   RO         1767    .text.vTaskSuspendAll  tasks.o
    0x08004fa8   0x08004fa8   0x000000a2   Code   RO         1785    .text.vTaskSwitchContext  tasks.o
    0x0800504a   0x0800504a   0x00000006   PAD
    0x08005050   0x08005050   0x0000015e   Code   RO         2156    .text.xPortStartScheduler  port.o
    0x080051ae   0x080051ae   0x00000002   PAD
    0x080051b0   0x080051b0   0x0000002e   Code   RO         2172    .text.xPortSysTickHandler  port.o
    0x080051de   0x080051de   0x00000002   PAD
    0x080051e0   0x080051e0   0x000000b0   Code   RO         1632    .text.xQueueGenericCreate  queue.o
    0x08005290   0x08005290   0x000000ce   Code   RO         1628    .text.xQueueGenericCreateStatic  queue.o
    0x0800535e   0x0800535e   0x00000002   PAD
    0x08005360   0x08005360   0x00000212   Code   RO         1644    .text.xQueueGenericSend  queue.o
    0x08005572   0x08005572   0x00000006   PAD
    0x08005578   0x08005578   0x00000160   Code   RO         1656    .text.xQueueGenericSendFromISR  queue.o
    0x080056d8   0x080056d8   0x000001a8   Code   RO         1660    .text.xQueueReceive  queue.o
    0x08005880   0x08005880   0x0000010e   Code   RO         1664    .text.xQueueReceiveFromISR  queue.o
    0x0800598e   0x0800598e   0x00000002   PAD
    0x08005990   0x08005990   0x00000092   Code   RO         1827    .text.xTaskCheckForTimeOut  tasks.o
    0x08005a22   0x08005a22   0x00000006   PAD
    0x08005a28   0x08005a28   0x000000d0   Code   RO         1761    .text.xTaskCreate   tasks.o
    0x08005af8   0x08005af8   0x000000fa   Code   RO         1757    .text.xTaskCreateStatic  tasks.o
    0x08005bf2   0x08005bf2   0x00000006   PAD
    0x08005bf8   0x08005bf8   0x00000024   Code   RO         1841    .text.xTaskGetSchedulerState  tasks.o
    0x08005c1c   0x08005c1c   0x00000004   PAD
    0x08005c20   0x08005c20   0x0000000c   Code   RO         1799    .text.xTaskGetTickCount  tasks.o
    0x08005c2c   0x08005c2c   0x00000004   PAD
    0x08005c30   0x08005c30   0x000001b8   Code   RO         1797    .text.xTaskIncrementTick  tasks.o
    0x08005de8   0x08005de8   0x000000a6   Code   RO         1845    .text.xTaskPriorityDisinherit  tasks.o
    0x08005e8e   0x08005e8e   0x00000002   PAD
    0x08005e90   0x08005e90   0x000000f0   Code   RO         1819    .text.xTaskRemoveFromEventList  tasks.o
    0x08005f80   0x08005f80   0x00000188   Code   RO         1771    .text.xTaskResumeAll  tasks.o
    0x08006108   0x08006108   0x00000074   Code   RO         1897    .text.xTimerCreateTimerTask  timers.o
    0x0800617c   0x0800617c   0x0000001a   Code   RO         2291    x$fpl$fpinit        fz_wv.l(fpinit.o)
    0x08006196   0x08006196   0x00000002   PAD
    0x08006198   0x08006198   0x0000004c   Data   RO          697    .rodata..L__const.HAL_FDCAN_Init.CvtEltSize  stm32h7xx_hal_fdcan.o
    0x080061e4   0x080061e4   0x00000010   Data   RO         1483    .rodata.D1CorePrescTable  system_stm32h7xx.o
    0x080061f4   0x080061f4   0x00000024   Data   RO         1544    .rodata.Motor_Feedback_Task_attr  app_tasks.o
    0x08006218   0x08006218   0x00000024   Data   RO         1545    .rodata.Motor_State_Machine_Task_attr  app_tasks.o
    0x0800623c   0x0800623c   0x00000010   Data   RO          698    .rodata.cst16       stm32h7xx_hal_fdcan.o
    0x0800624c   0x0800624c   0x00000024   Data   RO           41    .rodata.defaultTask_attributes  freertos.o
    0x08006270   0x08006270   0x0000000c   Data   RO           40    .rodata.str1.1      freertos.o
    0x0800627c   0x0800627c   0x0000002d   Data   RO         1546    .rodata.str1.1      app_tasks.o
    0x080062a9   0x080062a9   0x00000003   PAD
    0x080062ac   0x080062ac   0x00000004   Data   RO         1868    .rodata.uxTopUsedPriority  tasks.o
    0x080062b0   0x080062b0   0x00000020   Data   RO         2366    Region$$Table       anon$$obj.o


    Execution Region RW_IRAM1 (Exec base: 0x20000000, Load base: 0x080062d0, Size: 0x00000000, Max: 0x00020000, ABSOLUTE)

    **** No section assigned to this execution region ****


    Execution Region RW_IRAM2 (Exec base: 0x24000000, Load base: 0x080062d0, Size: 0x00005488, Max: 0x00050000, ABSOLUTE)

    Exec Addr    Load Addr    Size         Type   Attr      Idx    E Section Name        Object

    0x24000000   0x080062d0   0x00000004   Data   RW         1481    .data.SystemCoreClock  system_stm32h7xx.o
    0x24000004   0x080062d4   0x00000004   Data   RW         1482    .data.SystemD2Clock  system_stm32h7xx.o
    0x24000008   0x080062d8   0x00000001   Data   RW         1265    .data.uwTickFreq    stm32h7xx_hal.o
    0x24000009   0x080062d9   0x00000003   PAD
    0x2400000c   0x080062dc   0x00000004   Data   RW         1264    .data.uwTickPrio    stm32h7xx_hal.o
    0x24000010   0x080062e0   0x00000004   Data   RW         2178    .data.uxCriticalNesting  port.o
    0x24000014   0x080062e4   0x00000004   PAD
    0x24000018        -       0x00000060   Zero   RW         2231    .bss                c_w.l(libspace.o)
    0x24000078        -       0x000003c0   Zero   RW         1512    .bss.DJmotor        motor.o
    0x24000438        -       0x00000008   Zero   RW         1513    .bss.DJmotor_CurrentTransmit.tx_data  motor.o
    0x24000440        -       0x00000004   Zero   RW         2108    .bss.KernelState    cmsis_os2.o
    0x24000444        -       0x00000004   Zero   RW         1543    .bss.can_rx_queue   app_tasks.o
    0x24000448        -       0x00000004   Zero   RW           42    .bss.defaultTaskHandle  freertos.o
    0x2400044c        -       0x000000a0   Zero   RW           56    .bss.hfdcan2        fdcan.o
    0x240004ec        -       0x0000004c   Zero   RW          105    .bss.htim1          stm32h7xx_hal_timebase_tim.o
    0x24000538        -       0x000000a0   Zero   RW         1949    .bss.prvCheckForValidListAndQueue.ucStaticTimerQueueStorage  timers.o
    0x240005d8        -       0x00000050   Zero   RW         1948    .bss.prvCheckForValidListAndQueue.xStaticTimerQueue  timers.o
    0x24000628        -       0x00000004   Zero   RW         1945    .bss.prvSampleTimeNow.xLastTime  timers.o
    0x2400062c        -       0x00000004   Zero   RW         1867    .bss.pxCurrentTCB   tasks.o
    0x24000630        -       0x00000004   Zero   RW         1943    .bss.pxCurrentTimerList  timers.o
    0x24000634        -       0x00000004   Zero   RW         1876    .bss.pxDelayedTaskList  tasks.o
    0x24000638        -       0x00000004   Zero   RW         2135    .bss.pxEnd          heap_4.o
    0x2400063c        -       0x00000004   Zero   RW         1877    .bss.pxOverflowDelayedTaskList  tasks.o
    0x24000640        -       0x00000004   Zero   RW         1944    .bss.pxOverflowTimerList  timers.o
    0x24000644        -       0x00000460   Zero   RW         1880    .bss.pxReadyTasksLists  tasks.o
    0x24000aa4        -       0x00003c00   Zero   RW         2141    .bss.ucHeap         heap_4.o
    0x240046a4        -       0x00000001   Zero   RW         2176    .bss.ucMaxSysCallPriority  port.o
    0x240046a5   0x080062e4   0x00000003   PAD
    0x240046a8        -       0x00000004   Zero   RW         2177    .bss.ulMaxPRIGROUPValue  port.o
    0x240046ac        -       0x00000004   Zero   RW         1266    .bss.uwTick         stm32h7xx_hal.o
    0x240046b0        -       0x00000004   Zero   RW         1872    .bss.uxCurrentNumberOfTasks  tasks.o
    0x240046b4        -       0x00000004   Zero   RW         1871    .bss.uxDeletedTasksWaitingCleanUp  tasks.o
    0x240046b8        -       0x00000004   Zero   RW         1874    .bss.uxSchedulerSuspended  tasks.o
    0x240046bc        -       0x00000004   Zero   RW         1869    .bss.uxTaskNumber   tasks.o
    0x240046c0        -       0x00000004   Zero   RW         1881    .bss.uxTopReadyPriority  tasks.o
    0x240046c4        -       0x00000200   Zero   RW         2110    .bss.vApplicationGetIdleTaskMemory.Idle_Stack  cmsis_os2.o
    0x240048c4        -       0x0000005c   Zero   RW         2109    .bss.vApplicationGetIdleTaskMemory.Idle_TCB  cmsis_os2.o
    0x24004920        -       0x00000400   Zero   RW         2112    .bss.vApplicationGetTimerTaskMemory.Timer_Stack  cmsis_os2.o
    0x24004d20        -       0x0000005c   Zero   RW         2111    .bss.vApplicationGetTimerTaskMemory.Timer_TCB  cmsis_os2.o
    0x24004d7c        -       0x00000014   Zero   RW         1946    .bss.xActiveTimerList1  timers.o
    0x24004d90        -       0x00000014   Zero   RW         1947    .bss.xActiveTimerList2  timers.o
    0x24004da4        -       0x00000014   Zero   RW         1887    .bss.xDelayedTaskList1  tasks.o
    0x24004db8        -       0x00000014   Zero   RW         1888    .bss.xDelayedTaskList2  tasks.o
    0x24004dcc        -       0x00000004   Zero   RW         2136    .bss.xFreeBytesRemaining  heap_4.o
    0x24004dd0        -       0x00000004   Zero   RW         1883    .bss.xIdleTaskHandle  tasks.o
    0x24004dd4        -       0x00000004   Zero   RW         2138    .bss.xMinimumEverFreeBytesRemaining  heap_4.o
    0x24004dd8        -       0x00000004   Zero   RW         1884    .bss.xNextTaskUnblockTime  tasks.o
    0x24004ddc        -       0x00000004   Zero   RW         1886    .bss.xNumOfOverflows  tasks.o
    0x24004de0        -       0x00000004   Zero   RW         2139    .bss.xNumberOfSuccessfulAllocations  heap_4.o
    0x24004de4        -       0x00000004   Zero   RW         2140    .bss.xNumberOfSuccessfulFrees  heap_4.o
    0x24004de8        -       0x00000004   Zero   RW         1885    .bss.xPendedTicks   tasks.o
    0x24004dec        -       0x00000014   Zero   RW         1878    .bss.xPendingReadyList  tasks.o
    0x24004e00        -       0x00000040   Zero   RW         1698    .bss.xQueueRegistry  queue.o
    0x24004e40        -       0x00000004   Zero   RW         1873    .bss.xSchedulerRunning  tasks.o
    0x24004e44        -       0x00000008   Zero   RW         2137    .bss.xStart         heap_4.o
    0x24004e4c        -       0x00000014   Zero   RW         1879    .bss.xSuspendedTaskList  tasks.o
    0x24004e60        -       0x00000014   Zero   RW         1870    .bss.xTasksWaitingTermination  tasks.o
    0x24004e74        -       0x00000004   Zero   RW         1875    .bss.xTickCount     tasks.o
    0x24004e78        -       0x00000004   Zero   RW         1941    .bss.xTimerQueue    timers.o
    0x24004e7c        -       0x00000004   Zero   RW         1942    .bss.xTimerTaskHandle  timers.o
    0x24004e80        -       0x00000004   Zero   RW         1882    .bss.xYieldPending  tasks.o
    0x24004e84   0x080062e4   0x00000004   PAD
    0x24004e88        -       0x00000200   Zero   RW            2    HEAP                startup_stm32h723xx.o
    0x24005088        -       0x00000400   Zero   RW            1    STACK               startup_stm32h723xx.o


==============================================================================

Image component sizes


      Code (inc. data)   RO Data    RW Data    ZI Data      Debug   Object Name

       128          0        117          0          4       3150   app_tasks.o
      1082          0          0          0       1724      59860   cmsis_os2.o
       396          0          0          0        160      11317   fdcan.o
       154          0          0          0          0       5835   fdcan_irq_handler.o
        48          0         48          0          4       2678   freertos.o
        50          0          0          0          0       2204   gpio.o
       614          0          0          0      15388       5312   heap_4.o
       128          0          0          0          0       2215   list.o
       424          0          0          0          0       8368   main.o
      1736         42          0          0        968      11656   motor.o
       186          0          0          0          0       1295   pid.o
       956         16          0          4          5       4051   port.o
      2240          0          0          0         64      28152   queue.o
        72         30        716          0       1536        832   startup_stm32h723xx.o
       138          0          0          5          4      15848   stm32h7xx_hal.o
       310          0          0          0          0      12483   stm32h7xx_hal_cortex.o
      2740          0         92          0          0      41884   stm32h7xx_hal_fdcan.o
       428          0          0          0          0       7000   stm32h7xx_hal_gpio.o
        46          0          0          0          0       5243   stm32h7xx_hal_msp.o
        72          0          0          0          0       9554   stm32h7xx_hal_pwr_ex.o
      2416         16          0          0          0      11341   stm32h7xx_hal_rcc.o
      3002         84          0          0          0      17583   stm32h7xx_hal_rcc_ex.o
      1006          0          0          0          0      64510   stm32h7xx_hal_tim.o
         6          0          0          0          0      26317   stm32h7xx_hal_tim_ex.o
       154          0          0          0         76       9653   stm32h7xx_hal_timebase_tim.o
        60          0          0          0          0       2252   stm32h7xx_it.o
       236          0         16          8          0       5674   system_stm32h7xx.o
      3234          8          4          0       1280      40093   tasks.o
       952         26          0          0        300      16387   timers.o

    ----------------------------------------------------------------------
     23556        246       1028         20      21524     432747   Object Totals
         0          0         32          0          0          0   (incl. Generated)
       542         24          3          3         11          0   (incl. Padding)

    ----------------------------------------------------------------------

      Code (inc. data)   RO Data    RW Data    ZI Data      Debug   Library Member Name

         8          0          0          0          0         68   __main.o
         0          0          0          0          0          0   __rtentry.o
        12          0          0          0          0          0   __rtentry2.o
         6          0          0          0          0          0   __rtentry4.o
        52          8          0          0          0          0   __scatter.o
        26          0          0          0          0          0   __scatter_copy.o
        28          0          0          0          0          0   __scatter_zi.o
        16          0          0          0          0         68   aeabi_memset4.o
        18          0          0          0          0         80   exit.o
         6          0          0          0          0        152   heapauxi.o
         0          0          0          0          0          0   indicate_semi.o
         2          0          0          0          0          0   libinit.o
         6          0          0          0          0          0   libinit2.o
         2          0          0          0          0          0   libshutdown.o
         2          0          0          0          0          0   libshutdown2.o
         8          4          0          0         96         68   libspace.o
        68          0          0          0          0         68   rt_memclr.o
        78          0          0          0          0         80   rt_memclr_w.o
       138          0          0          0          0         68   rt_memcpy_v6.o
       100          0          0          0          0         80   rt_memcpy_w.o
         2          0          0          0          0          0   rtexit.o
        10          0          0          0          0          0   rtexit2.o
        12          4          0          0          0         68   sys_exit.o
        74          0          0          0          0         80   sys_stackheap_outer.o
         2          0          0          0          0         68   use_no_semi.o
        26          0          0          0          0        116   fpinit.o

    ----------------------------------------------------------------------
       712         16          0          0         96       1064   Library Totals
        10          0          0          0          0          0   (incl. Padding)

    ----------------------------------------------------------------------

      Code (inc. data)   RO Data    RW Data    ZI Data      Debug   Library Name

       676         16          0          0         96        948   c_w.l
        26          0          0          0          0        116   fz_wv.l

    ----------------------------------------------------------------------
       712         16          0          0         96       1064   Library Totals

    ----------------------------------------------------------------------

==============================================================================


      Code (inc. data)   RO Data    RW Data    ZI Data      Debug   

     24268        262       1028         20      21620     432855   Grand Totals
     24268        262       1028         20      21620     432855   ELF Image Totals
     24268        262       1028         20          0          0   ROM Totals

==============================================================================

    Total RO  Size (Code + RO Data)                25296 (  24.70kB)
    Total RW  Size (RW Data + ZI Data)             21640 (  21.13kB)
    Total ROM Size (Code + RO Data + RW Data)      25316 (  24.72kB)

==============================================================================

