<html>
<body>
<pre>
<h1>µVision Build Log</h1>
<h2>Tool Versions:</h2>
IDE-Version: ¦ÌVision V5.37.0.0
Copyright (C) 2022 ARM Ltd and ARM Germany GmbH. All rights reserved.
License Information: ye ysq1987403812@outlook.com, whu, LIC=MPPLD-8NY7M-QDRKD-8SC1S-4SU4Q-8FY0H
 
Tool Versions:
Toolchain:       MDK-ARM Plus  Version: 5.37.0.0
Toolchain Path:  E:\app\Keil\ARM\ARMCLANG\Bin
C Compiler:      ArmClang.exe V6.18
Assembler:       Armasm.exe V6.18
Linker/Locator:  ArmLink.exe V6.18
Library Manager: ArmAr.exe V6.18
Hex Converter:   FromElf.exe V6.18
CPU DLL:         SARMCM3.DLL V5.37.0.0
Dialog DLL:      DCM.DLL V1.17.5.0
Target DLL:      STLink\ST-LINKIII-KEIL_SWO.dll V3.0.9.0
Dialog DLL:      TCM.DLL V1.56.1.0
 
<h2>Project:</h2>
e:\RC_EC\Stm32\0818_stm32h7\MDK-ARM\0818_stm32h7.uvprojx
Project File Date:  08/18/2026

<h2>Output:</h2>
*** Using Compiler 'V6.18', folder: 'E:\app\Keil\ARM\ARMCLANG\Bin'
Build target '0818_stm32h7'
compiling stm32h7xx_it.c...
compiling fdcan.c...
compiling freertos.c...
compiling fdCan_IRQ_Handler.c...
assembling startup_stm32h723xx.s...
compiling main.c...
compiling gpio.c...
compiling motor.c...
linking...
Program Size: Code=24268 RO-data=1028 RW-data=20 ZI-data=21620  
FromELF: creating hex file...
"0818_stm32h7\0818_stm32h7.axf" - 0 Error(s), 0 Warning(s).

<h2>Software Packages used:</h2>

Package Vendor: ARM
                http://www.keil.com/pack/ARM.CMSIS.5.9.0.pack
                ARM.CMSIS.5.9.0
                CMSIS (Common Microcontroller Software Interface Standard)
   * Component: CORE Version: 5.6.0

Package Vendor: Keil
                https://www.keil.com/pack/Keil.STM32H7xx_DFP.4.1.3.pack
                Keil.STM32H7xx_DFP.4.1.3
                STMicroelectronics STM32H7 Series Device Support

<h2>Collection of Component include folders:</h2>
  ./RTE/_0818_stm32h7
  E:/app/Keil/keil_pack/ARM/CMSIS/5.9.0/CMSIS/Core/Include

<h2>Collection of Component Files used:</h2>

   * Component: ARM::CMSIS:CORE:5.6.0
      Include file:  CMSIS/Core/Include/tz_context.h
Build Time Elapsed:  00:00:01
</pre>
</body>
</html>
